Archive member included to satisfy reference by file (symbol)

.\CortexM0p\ARM_GCC_541\Debug\PressureSensor.a(I2C.o)
                              .\CortexM0p\ARM_GCC_541\Debug\main.o (I2C_Start)
.\CortexM0p\ARM_GCC_541\Debug\PressureSensor.a(I2C_I2C.o)
                              .\CortexM0p\ARM_GCC_541\Debug\PressureSensor.a(I2C.o) (I2C_I2CInit)
.\CortexM0p\ARM_GCC_541\Debug\PressureSensor.a(I2C_I2C_MASTER.o)
                              .\CortexM0p\ARM_GCC_541\Debug\main.o (I2C_I2CMasterSendStart)
.\CortexM0p\ARM_GCC_541\Debug\PressureSensor.a(CyLib.o)
                              .\CortexM0p\ARM_GCC_541\Debug\cyfitter_cfg.o (CyIntEnable)
.\CortexM0p\ARM_GCC_541\Debug\PressureSensor.a(CyLFClk.o)
                              .\CortexM0p\ARM_GCC_541\Debug\PressureSensor.a(CyLib.o) (CySysClkWcoEnabled)
.\CortexM0p\ARM_GCC_541\Debug\PressureSensor.a(CapSense_Control.o)
                              .\CortexM0p\ARM_GCC_541\Debug\main.o (CapSense_Start)
.\CortexM0p\ARM_GCC_541\Debug\PressureSensor.a(CapSense_Processing.o)
                              .\CortexM0p\ARM_GCC_541\Debug\PressureSensor.a(CapSense_Control.o) (CapSense_DpInitialize)
.\CortexM0p\ARM_GCC_541\Debug\PressureSensor.a(CapSense_Structure.o)
                              .\CortexM0p\ARM_GCC_541\Debug\PressureSensor.a(CapSense_Control.o) (CapSense_DsInitialize)
.\CortexM0p\ARM_GCC_541\Debug\PressureSensor.a(CapSense_Tuner.o)
                              .\CortexM0p\ARM_GCC_541\Debug\PressureSensor.a(CapSense_Control.o) (CapSense_TuInitialize)
.\CortexM0p\ARM_GCC_541\Debug\PressureSensor.a(CapSense_Filter.o)
                              .\CortexM0p\ARM_GCC_541\Debug\PressureSensor.a(CapSense_Control.o) (CapSense_FtInitialize)
.\CortexM0p\ARM_GCC_541\Debug\PressureSensor.a(CapSense_Sensing.o)
                              .\CortexM0p\ARM_GCC_541\Debug\main.o (CapSense_IsBusy)
.\CortexM0p\ARM_GCC_541\Debug\PressureSensor.a(CapSense_SensingCSD_LL.o)
                              .\CortexM0p\ARM_GCC_541\Debug\PressureSensor.a(CapSense_Sensing.o) (CapSense_SsCSDSetShieldElectrodesState)
.\CortexM0p\ARM_GCC_541\Debug\PressureSensor.a(CapSense_ISR.o)
                              .\CortexM0p\ARM_GCC_541\Debug\PressureSensor.a(CapSense_Sensing.o) (CapSense_ISR_StartEx)
.\CortexM0p\ARM_GCC_541\Debug\PressureSensor.a(CyBootAsmGnu.o)
                              .\CortexM0p\ARM_GCC_541\Debug\PressureSensor.a(CyLib.o) (CyDelayCycles)
.\CortexM0p\ARM_GCC_541\Debug\PressureSensor.a(I2C_I2C_INT.o)
                              .\CortexM0p\ARM_GCC_541\Debug\PressureSensor.a(I2C_I2C.o) (I2C_I2C_ISR)
.\CortexM0p\ARM_GCC_541\Debug\PressureSensor.a(CyFlash.o)
                              .\CortexM0p\ARM_GCC_541\Debug\PressureSensor.a(CyLib.o) (CySysFlashSetWaitCycles)
.\CortexM0p\ARM_GCC_541\Debug\PressureSensor.a(CapSense_INT.o)
                              .\CortexM0p\ARM_GCC_541\Debug\PressureSensor.a(CapSense_SensingCSD_LL.o) (CapSense_CSDPostSingleScan)
c:/program files (x86)/cypress/psoc creator/4.4/psoc creator/import/gnu/arm/5.4.1/bin/../lib/gcc/arm-none-eabi/5.4.1/armv6-m\libgcc.a(_udivsi3.o)
                              .\CortexM0p\ARM_GCC_541\Debug\PressureSensor.a(CyLib.o) (__aeabi_uidiv)
c:/program files (x86)/cypress/psoc creator/4.4/psoc creator/import/gnu/arm/5.4.1/bin/../lib/gcc/arm-none-eabi/5.4.1/armv6-m\libgcc.a(_divsi3.o)
                              .\CortexM0p\ARM_GCC_541\Debug\PressureSensor.a(CyLib.o) (__aeabi_idiv)
c:/program files (x86)/cypress/psoc creator/4.4/psoc creator/import/gnu/arm/5.4.1/bin/../lib/gcc/arm-none-eabi/5.4.1/armv6-m\libgcc.a(_dvmd_tls.o)
                              c:/program files (x86)/cypress/psoc creator/4.4/psoc creator/import/gnu/arm/5.4.1/bin/../lib/gcc/arm-none-eabi/5.4.1/armv6-m\libgcc.a(_udivsi3.o) (__aeabi_idiv0)
c:/program files (x86)/cypress/psoc creator/4.4/psoc creator/import/gnu/arm/5.4.1/bin/../lib/gcc/arm-none-eabi/5.4.1/armv6-m\libgcc.a(_arm_cmpsf2.o)
                              .\CortexM0p\ARM_GCC_541\Debug\main.o (__aeabi_fcmplt)
c:/program files (x86)/cypress/psoc creator/4.4/psoc creator/import/gnu/arm/5.4.1/bin/../lib/gcc/arm-none-eabi/5.4.1/armv6-m\libgcc.a(addsf3.o)
                              .\CortexM0p\ARM_GCC_541\Debug\main.o (__aeabi_fadd)
c:/program files (x86)/cypress/psoc creator/4.4/psoc creator/import/gnu/arm/5.4.1/bin/../lib/gcc/arm-none-eabi/5.4.1/armv6-m\libgcc.a(divsf3.o)
                              .\CortexM0p\ARM_GCC_541\Debug\main.o (__aeabi_fdiv)
c:/program files (x86)/cypress/psoc creator/4.4/psoc creator/import/gnu/arm/5.4.1/bin/../lib/gcc/arm-none-eabi/5.4.1/armv6-m\libgcc.a(eqsf2.o)
                              c:/program files (x86)/cypress/psoc creator/4.4/psoc creator/import/gnu/arm/5.4.1/bin/../lib/gcc/arm-none-eabi/5.4.1/armv6-m\libgcc.a(_arm_cmpsf2.o) (__eqsf2)
c:/program files (x86)/cypress/psoc creator/4.4/psoc creator/import/gnu/arm/5.4.1/bin/../lib/gcc/arm-none-eabi/5.4.1/armv6-m\libgcc.a(gesf2.o)
[...]
Memory Configuration

Name             Origin             Length             Attributes
rom              0x00000000         0x00040000         xr
ram              0x20000000         0x00008000         xrw
*default*        0x00000000         0xffffffff

Linker script and memory map

LOAD c:/program files (x86)/cypress/psoc creator/4.4/psoc creator/import/gnu/arm/5.4.1/bin/../lib/gcc/arm-none-eabi/5.4.1/armv6-m/crti.o
LOAD c:/program files (x86)/cypress/psoc creator/4.4/psoc creator/import/gnu/arm/5.4.1/bin/../lib/gcc/arm-none-eabi/5.4.1/armv6-m/crtbegin.o
LOAD c:/program files (x86)/cypress/psoc creator/4.4/psoc creator/import/gnu/arm/5.4.1/bin/../lib/gcc/arm-none-eabi/5.4.1/../../../../arm-none-eabi/lib/armv6-m/crt0.o
START GROUP
LOAD .\CortexM0p\ARM_GCC_541\Debug\main.o
LOAD .\CortexM0p\ARM_GCC_541\Debug\cyfitter_cfg.o
LOAD .\CortexM0p\ARM_GCC_541\Debug\cymetadata.o
LOAD .\CortexM0p\ARM_GCC_541\Debug\Cm0plusStart.o
LOAD .\CortexM0p\ARM_GCC_541\Debug\PressureSensor.a
LOAD C:\Program Files (x86)\Cypress\PSoC Creator\4.4\PSoC Creator\psoc\content\CyComponentLibrary\CyComponentLibrary.cylib\CapSense_P4_v7_0\PSoC4\Library\Capsense_P4Library_GCCp.a
END GROUP
START GROUP
LOAD c:/program files (x86)/cypress/psoc creator/4.4/psoc creator/import/gnu/arm/5.4.1/bin/../lib/gcc/arm-none-eabi/5.4.1/armv6-m\libgcc.a
LOAD c:/program files (x86)/cypress/psoc creator/4.4/psoc creator/import/gnu/arm/5.4.1/bin/../lib/gcc/arm-none-eabi/5.4.1/../../../../arm-none-eabi/lib/armv6-m\libg_nano.a
LOAD c:/program files (x86)/cypress/psoc creator/4.4/psoc creator/import/gnu/arm/5.4.1/bin/../lib/gcc/arm-none-eabi/5.4.1/../../../../arm-none-eabi/lib/armv6-m\libc_nano.a
END GROUP
START GROUP
LOAD c:/program files (x86)/cypress/psoc creator/4.4/psoc creator/import/gnu/arm/5.4.1/bin/../lib/gcc/arm-none-eabi/5.4.1/armv6-m\libgcc.a
LOAD c:/program files (x86)/cypress/psoc creator/4.4/psoc creator/import/gnu/arm/5.4.1/bin/../lib/gcc/arm-none-eabi/5.4.1/../../../../arm-none-eabi/lib/armv6-m\libc_nano.a
END GROUP
LOAD c:/program files (x86)/cypress/psoc creator/4.4/psoc creator/import/gnu/arm/5.4.1/bin/../lib/gcc/arm-none-eabi/5.4.1/armv6-m/crtend.o
LOAD c:/program files (x86)/cypress/psoc creator/4.4/psoc creator/import/gnu/arm/5.4.1/bin/../lib/gcc/arm-none-eabi/5.4.1/armv6-m/crtn.o
START GROUP
LOAD c:/program files (x86)/cypress/psoc creator/4.4/psoc creator/import/gnu/arm/5.4.1/bin/../lib/gcc/arm-none-eabi/5.4.1/armv6-m\libgcc.a
LOAD c:/program files (x86)/cypress/psoc creator/4.4/psoc creator/import/gnu/arm/5.4.1/bin/../lib/gcc/arm-none-eabi/5.4.1/../../../../arm-none-eabi/lib/armv6-m\libc.a
LOAD c:/program files (x86)/cypress/psoc creator/4.4/psoc creator/import/gnu/arm/5.4.1/bin/../lib/gcc/arm-none-eabi/5.4.1/../../../../arm-none-eabi/lib/armv6-m\libnosys.a
END GROUP
                0x00000000                CY_APPL_ORIGIN = 0x0
                0x00000100                CY_FLASH_ROW_SIZE = 0x100
                0x00000001                CY_APPL_NUM = 0x1
                0x00000001                CY_APPL_MAX = 0x1
                0x00000040                CY_METADATA_SIZE = 0x40
                0x00000000                CY_APPL_LOADABLE = 0x0
                0x00000000                CY_CHECKSUM_EXCLUDE_SIZE = ALIGN (0x0, CY_FLASH_ROW_SIZE)
                0x00000000                CY_APP_FOR_STACK_AND_COPIER = 0x0
                [!provide]                PROVIDE (__cy_heap_start, _end)
                0x00000001                PROVIDE (__cy_region_num, ((__cy_regions_end - __cy_regions) / 0x10))
                0x20008000                PROVIDE (__cy_stack, (ORIGIN (ram) + LENGTH (ram)))
                [!provide]                PROVIDE (__cy_heap_end, (__cy_stack - 0x800))

.cybootloader   0x00000000        0x0
 *(.cybootloader)
                0x00000000                appl1_start = CY_APPL_ORIGIN?CY_APPL_ORIGIN:ALIGN (CY_FLASH_ROW_SIZE)
                0x0001ff00                appl2_start = (appl1_start + ALIGN ((((LENGTH (rom) - appl1_start) - (0x2 * CY_FLASH_ROW_SIZE)) / 0x2), CY_FLASH_ROW_SIZE))
                0x00000000                appl_start = (CY_APPL_NUM == 0x1)?appl1_start:appl2_start
                0x00000001                cy_project_type_bootloader = (appl_start == 0x0)?0x1:0x0
                0x00000000                cy_project_type_app_for_stack_and_copier = (CY_APP_FOR_STACK_AND_COPIER == 0x1)?0x1:0x0

.text           0x00000000     0x3dde
 CREATE_OBJECT_SYMBOLS
                0x00000000                PROVIDE (__cy_interrupt_vector, RomVectors)
 *(.romvectors)
 .romvectors    0x00000000       0x10 .\CortexM0p\ARM_GCC_541\Debug\Cm0plusStart.o
                0x00000000                RomVectors
                0x00000001                ASSERT ((. != __cy_interrupt_vector), No interrupt vector)
                0x00000001                ASSERT (CY_APPL_ORIGIN?(SIZEOF (.cybootloader) <= CY_APPL_ORIGIN):0x1, Wrong image location)
                0x00000010                PROVIDE (__cy_reset, Reset)
 *(.text.Reset)
 .text.Reset    0x00000010        0xc .\CortexM0p\ARM_GCC_541\Debug\Cm0plusStart.o
                0x00000010                Reset
                0x00000001                ASSERT ((. != __cy_reset), No reset code)
 *(.psocinit)
 .psocinit      0x0000001c       0xe0 .\CortexM0p\ARM_GCC_541\Debug\cyfitter_cfg.o
                0x000000a0                cyfitter_cfg
                0x00000100                . = MAX (., 0x100)
 *fill*         0x000000fc        0x4 
 *(.text .text.* .gnu.linkonce.t.*)
 .text          0x00000100       0x60 c:/program files (x86)/cypress/psoc creator/4.4/psoc creator/import/gnu/arm/5.4.1/bin/../lib/gcc/arm-none-eabi/5.4.1/armv6-m/crtbegin.o
 .text.region1  0x00000160       0x1c .\CortexM0p\ARM_GCC_541\Debug\main.o
                0x00000160                region1
 .text.region2  0x0000017c       0x34 .\CortexM0p\ARM_GCC_541\Debug\main.o
                0x0000017c                region2
 .text.region3  0x000001b0       0x24 .\CortexM0p\ARM_GCC_541\Debug\main.o
                0x000001b0                region3
 .text.region4  0x000001d4       0x34 .\CortexM0p\ARM_GCC_541\Debug\main.o
                0x000001d4                region4
 .text.main     0x00000208      0x1e8 .\CortexM0p\ARM_GCC_541\Debug\main.o
                0x00000208                main
 .text.SetAnalogRoutingPumps
                0x000003f0       0x54 .\CortexM0p\ARM_GCC_541\Debug\cyfitter_cfg.o
                0x000003f0                SetAnalogRoutingPumps
 .text.AnalogSetDefault
                0x00000444       0x44 .\CortexM0p\ARM_GCC_541\Debug\cyfitter_cfg.o
 .text.IntDefaultHandler
                0x00000488       0x10 .\CortexM0p\ARM_GCC_541\Debug\Cm0plusStart.o
                0x00000488                IntDefaultHandler
 .text.Start_c  0x00000498       0x48 .\CortexM0p\ARM_GCC_541\Debug\Cm0plusStart.o
                0x00000498                Start_c
 .text.initialize_psoc
                0x000004e0       0x40 .\CortexM0p\ARM_GCC_541\Debug\Cm0plusStart.o
                0x000004e0                initialize_psoc
 .text.I2C_ScbEnableIntr
                0x00000520        0xc .\CortexM0p\ARM_GCC_541\Debug\PressureSensor.a(I2C.o)
 .text.I2C_Init
                0x0000052c        0x8 .\CortexM0p\ARM_GCC_541\Debug\PressureSensor.a(I2C.o)
                0x0000052c                I2C_Init
 .text.I2C_Enable
                0x00000534       0x18 .\CortexM0p\ARM_GCC_541\Debug\PressureSensor.a(I2C.o)
                0x00000534                I2C_Enable
 .text.I2C_Start
                0x0000054c       0x20 .\CortexM0p\ARM_GCC_541\Debug\PressureSensor.a(I2C.o)
                0x0000054c                I2C_Start
 .text.I2C_I2CInit
                0x0000056c       0xb8 .\CortexM0p\ARM_GCC_541\Debug\PressureSensor.a(I2C_I2C.o)
                0x0000056c                I2C_I2CInit
 .text.I2C_I2CFwBlockReset
                0x00000624       0x5c .\CortexM0p\ARM_GCC_541\Debug\PressureSensor.a(I2C_I2C.o)
                0x00000624                I2C_I2CFwBlockReset
 .text.I2C_I2CMasterWaitOneUnit
                0x00000680       0x28 .\CortexM0p\ARM_GCC_541\Debug\PressureSensor.a(I2C_I2C_MASTER.o)
 .text.I2C_I2CMasterHandleStatus
                0x000006a8       0xc4 .\CortexM0p\ARM_GCC_541\Debug\PressureSensor.a(I2C_I2C_MASTER.o)
 .text.I2C_I2CMasterSendStart
                0x0000076c       0xc4 .\CortexM0p\ARM_GCC_541\Debug\PressureSensor.a(I2C_I2C_MASTER.o)
                0x0000076c                I2C_I2CMasterSendStart
 .text.I2C_I2CMasterSendStop
                0x00000830       0x58 .\CortexM0p\ARM_GCC_541\Debug\PressureSensor.a(I2C_I2C_MASTER.o)
                0x00000830                I2C_I2CMasterSendStop
 .text.I2C_I2CMasterReadByte
                0x00000888       0x7c .\CortexM0p\ARM_GCC_541\Debug\PressureSensor.a(I2C_I2C_MASTER.o)
                0x00000888                I2C_I2CMasterReadByte
 .text.CySysClkImoDisableWcoLock
                0x00000904       0x4c .\CortexM0p\ARM_GCC_541\Debug\PressureSensor.a(CyLib.o)
                0x00000904                CySysClkImoDisableWcoLock
 .text.CySysClkImoGetWcoLock
                0x00000950       0x14 .\CortexM0p\ARM_GCC_541\Debug\PressureSensor.a(CyLib.o)
                0x00000950                CySysClkImoGetWcoLock
 .text.CyIntEnable
                0x00000964       0x14 .\CortexM0p\ARM_GCC_541\Debug\PressureSensor.a(CyLib.o)
                0x00000964                CyIntEnable
 .text.CyIntDisable
                0x00000978       0x14 .\CortexM0p\ARM_GCC_541\Debug\PressureSensor.a(CyLib.o)
                0x00000978                CyIntDisable
 .text.CyIntClearPending
                0x0000098c       0x14 .\CortexM0p\ARM_GCC_541\Debug\PressureSensor.a(CyLib.o)
                0x0000098c                CyIntClearPending
 .text.CyHalt   0x000009a0        0x4 .\CortexM0p\ARM_GCC_541\Debug\PressureSensor.a(CyLib.o)
                0x000009a0                CyHalt
 .text.CyIntSetVector
                0x000009a4       0x24 .\CortexM0p\ARM_GCC_541\Debug\PressureSensor.a(CyLib.o)
                0x000009a4                CyIntSetVector
 .text.CyIntSetPriority
                0x000009c8       0x4c .\CortexM0p\ARM_GCC_541\Debug\PressureSensor.a(CyLib.o)
                0x000009c8                CyIntSetPriority
 .text.CyDelay  0x00000a14       0x30 .\CortexM0p\ARM_GCC_541\Debug\PressureSensor.a(CyLib.o)
                0x00000a14                CyDelay
 .text.CySysClkImoEnableWcoLock
                0x00000a44       0xd0 .\CortexM0p\ARM_GCC_541\Debug\PressureSensor.a(CyLib.o)
                0x00000a44                CySysClkImoEnableWcoLock
 .text.CySysClkWriteImoFreq
                0x00000b14       0xd8 .\CortexM0p\ARM_GCC_541\Debug\PressureSensor.a(CyLib.o)
                0x00000b14                CySysClkWriteImoFreq
 .text.CyDelayUs
                0x00000bec       0x14 .\CortexM0p\ARM_GCC_541\Debug\PressureSensor.a(CyLib.o)
                0x00000bec                CyDelayUs
 .text.CySysClkGetTimerSource
                0x00000c00       0x10 .\CortexM0p\ARM_GCC_541\Debug\PressureSensor.a(CyLFClk.o)
 .text.CySysClkWcoEnabled
                0x00000c10       0x14 .\CortexM0p\ARM_GCC_541\Debug\PressureSensor.a(CyLFClk.o)
                0x00000c10                CySysClkWcoEnabled
 .text.CySysWdtDisable
                0x00000c24       0x10 .\CortexM0p\ARM_GCC_541\Debug\PressureSensor.a(CyLFClk.o)
                0x00000c24                CySysWdtDisable
 .text.CySysClkSetTimerSource
                0x00000c34       0x68 .\CortexM0p\ARM_GCC_541\Debug\PressureSensor.a(CyLFClk.o)
                0x00000c34                CySysClkSetTimerSource
 .text.CySysTimerClearInterrupt
                0x00000c9c       0x2c .\CortexM0p\ARM_GCC_541\Debug\PressureSensor.a(CyLFClk.o)
                0x00000c9c                CySysTimerClearInterrupt
 .text.CySysTimerIsr
                0x00000cc8       0xa4 .\CortexM0p\ARM_GCC_541\Debug\PressureSensor.a(CyLFClk.o)
                0x00000cc8                CySysTimerIsr
 .text.CapSense_Initialize
                0x00000d6c       0x28 .\CortexM0p\ARM_GCC_541\Debug\PressureSensor.a(CapSense_Control.o)
                0x00000d6c                CapSense_Initialize
 .text.CapSense_Start
                0x00000d94       0x48 .\CortexM0p\ARM_GCC_541\Debug\PressureSensor.a(CapSense_Control.o)
                0x00000d94                CapSense_Start
 .text.CapSense_ProcessAllWidgets
                0x00000ddc       0x44 .\CortexM0p\ARM_GCC_541\Debug\PressureSensor.a(CapSense_Control.o)
                0x00000ddc                CapSense_ProcessAllWidgets
 .text.CapSense_DpInitialize
                0x00000e20       0x58 .\CortexM0p\ARM_GCC_541\Debug\PressureSensor.a(CapSense_Processing.o)
                0x00000e20                CapSense_DpInitialize
 .text.CapSense_DpUpdateDifferences
                0x00000e78       0x18 .\CortexM0p\ARM_GCC_541\Debug\PressureSensor.a(CapSense_Processing.o)
                0x00000e78                CapSense_DpUpdateDifferences
 .text.CapSense_DpProcessCsdWidgetRawCounts
                0x00000e90       0x3c .\CortexM0p\ARM_GCC_541\Debug\PressureSensor.a(CapSense_Processing.o)
                0x00000e90                CapSense_DpProcessCsdWidgetRawCounts
 .text.CapSense_DpProcessButton
                0x00000ecc       0x64 .\CortexM0p\ARM_GCC_541\Debug\PressureSensor.a(CapSense_Processing.o)
                0x00000ecc                CapSense_DpProcessButton
 .text.CapSense_DpProcessCsdWidgetStatus
                0x00000f30       0x58 .\CortexM0p\ARM_GCC_541\Debug\PressureSensor.a(CapSense_Processing.o)
                0x00000f30                CapSense_DpProcessCsdWidgetStatus
 .text.CapSense_DsInitialize
                0x00000f88       0x78 .\CortexM0p\ARM_GCC_541\Debug\PressureSensor.a(CapSense_Structure.o)
                0x00000f88                CapSense_DsInitialize
 .text.CapSense_IsWidgetActive
                0x00001000       0x24 .\CortexM0p\ARM_GCC_541\Debug\PressureSensor.a(CapSense_Structure.o)
                0x00001000                CapSense_IsWidgetActive
 .text.CapSense_TuInitialize
                0x00001024       0x14 .\CortexM0p\ARM_GCC_541\Debug\PressureSensor.a(CapSense_Tuner.o)
                0x00001024                CapSense_TuInitialize
 .text.CapSense_FtInitialize
                0x00001038        0x4 .\CortexM0p\ARM_GCC_541\Debug\PressureSensor.a(CapSense_Filter.o)
                0x00001038                CapSense_FtInitialize
 .text.CapSense_FtInitializeBaselineChannel
                0x0000103c       0x20 .\CortexM0p\ARM_GCC_541\Debug\PressureSensor.a(CapSense_Filter.o)
                0x0000103c                CapSense_FtInitializeBaselineChannel
 .text.CapSense_FtInitializeBaseline
                0x0000105c       0x20 .\CortexM0p\ARM_GCC_541\Debug\PressureSensor.a(CapSense_Filter.o)
                0x0000105c                CapSense_FtInitializeBaseline
 .text.CapSense_InitializeSensorBaseline
                0x0000107c       0x2c .\CortexM0p\ARM_GCC_541\Debug\PressureSensor.a(CapSense_Filter.o)
                0x0000107c                CapSense_InitializeSensorBaseline
 .text.CapSense_InitializeWidgetBaseline
                0x000010a8       0x28 .\CortexM0p\ARM_GCC_541\Debug\PressureSensor.a(CapSense_Filter.o)
                0x000010a8                CapSense_InitializeWidgetBaseline
 .text.CapSense_InitializeAllBaselines
                0x000010d0       0x18 .\CortexM0p\ARM_GCC_541\Debug\PressureSensor.a(CapSense_Filter.o)
                0x000010d0                CapSense_InitializeAllBaselines
 .text.CapSense_FtIIR1stOrder
                0x000010e8       0x14 .\CortexM0p\ARM_GCC_541\Debug\PressureSensor.a(CapSense_Filter.o)
                0x000010e8                CapSense_FtIIR1stOrder
 .text.CapSense_FtUpdateBaseline
                0x000010fc       0xa0 .\CortexM0p\ARM_GCC_541\Debug\PressureSensor.a(CapSense_Filter.o)
                0x000010fc                CapSense_FtUpdateBaseline
 .text.CapSense_UpdateSensorBaseline
                0x0000119c       0x2c .\CortexM0p\ARM_GCC_541\Debug\PressureSensor.a(CapSense_Filter.o)
                0x0000119c                CapSense_UpdateSensorBaseline
 .text.CapSense_UpdateWidgetBaseline
                0x000011c8       0x30 .\CortexM0p\ARM_GCC_541\Debug\PressureSensor.a(CapSense_Filter.o)
                0x000011c8                CapSense_UpdateWidgetBaseline
 .text.CapSense_UpdateAllBaselines
                0x000011f8       0x1c .\CortexM0p\ARM_GCC_541\Debug\PressureSensor.a(CapSense_Filter.o)
                0x000011f8                CapSense_UpdateAllBaselines
 .text.CapSense_SsCalcLfsrSize
                0x00001214       0x84 .\CortexM0p\ARM_GCC_541\Debug\PressureSensor.a(CapSense_Sensing.o)
 .text.CapSense_SsCalcLfsrScale
                0x00001298       0x44 .\CortexM0p\ARM_GCC_541\Debug\PressureSensor.a(CapSense_Sensing.o)
 .text.CapSense_IsBusy
                0x000012dc       0x10 .\CortexM0p\ARM_GCC_541\Debug\PressureSensor.a(CapSense_Sensing.o)
                0x000012dc                CapSense_IsBusy
 .text.CapSense_SetupWidget
                0x000012ec       0x40 .\CortexM0p\ARM_GCC_541\Debug\PressureSensor.a(CapSense_Sensing.o)
                0x000012ec                CapSense_SetupWidget
 .text.CapSense_Scan
                0x0000132c       0x2c .\CortexM0p\ARM_GCC_541\Debug\PressureSensor.a(CapSense_Sensing.o)
                0x0000132c                CapSense_Scan
 .text.CapSense_ScanAllWidgets
                0x00001358       0x3c .\CortexM0p\ARM_GCC_541\Debug\PressureSensor.a(CapSense_Sensing.o)
                0x00001358                CapSense_ScanAllWidgets
 .text.CapSense_SsSetAllIOsState
                0x00001394       0x98 .\CortexM0p\ARM_GCC_541\Debug\PressureSensor.a(CapSense_Sensing.o)
                0x00001394                CapSense_SsSetAllIOsState
 .text.CapSense_SsPostAllWidgetsScan
                0x0000142c        0x4 .\CortexM0p\ARM_GCC_541\Debug\PressureSensor.a(CapSense_Sensing.o)
                0x0000142c                CapSense_SsPostAllWidgetsScan
 .text.CapSense_SsSetModClkClockDivider
                0x00001430       0x30 .\CortexM0p\ARM_GCC_541\Debug\PressureSensor.a(CapSense_Sensing.o)
                0x00001430                CapSense_SsSetModClkClockDivider
 .text.CapSense_CalibrateWidget
                0x00001460       0x1c .\CortexM0p\ARM_GCC_541\Debug\PressureSensor.a(CapSense_Sensing.o)
                0x00001460                CapSense_CalibrateWidget
 .text.CapSense_CalibrateAllWidgets
                0x0000147c       0x1c .\CortexM0p\ARM_GCC_541\Debug\PressureSensor.a(CapSense_Sensing.o)
                0x0000147c                CapSense_CalibrateAllWidgets
 .text.CapSense_SsCSDGetColSnsClkDivider
                0x00001498       0x14 .\CortexM0p\ARM_GCC_541\Debug\PressureSensor.a(CapSense_Sensing.o)
                0x00001498                CapSense_SsCSDGetColSnsClkDivider
 .text.CapSense_SsCSDCalcPrsSize
                0x000014ac       0x24 .\CortexM0p\ARM_GCC_541\Debug\PressureSensor.a(CapSense_Sensing.o)
                0x000014ac                CapSense_SsCSDCalcPrsSize
 .text.CapSense_SsSetWidgetSenseClkSrc
                0x000014d0       0x3c .\CortexM0p\ARM_GCC_541\Debug\PressureSensor.a(CapSense_Sensing.o)
 .text.CapSense_SsInitializeSourceSenseClk
                0x0000150c       0x24 .\CortexM0p\ARM_GCC_541\Debug\PressureSensor.a(CapSense_Sensing.o)
                0x0000150c                CapSense_SsInitializeSourceSenseClk
 .text.CapSense_DischargeExtCapacitors
                0x00001530       0xd4 .\CortexM0p\ARM_GCC_541\Debug\PressureSensor.a(CapSense_Sensing.o)
                0x00001530                CapSense_DischargeExtCapacitors
 .text.CapSense_WriteBitsSafe
                0x00001604       0x1c .\CortexM0p\ARM_GCC_541\Debug\PressureSensor.a(CapSense_Sensing.o)
                0x00001604                CapSense_WriteBitsSafe
 .text.CapSense_SsCSDDisableMode
                0x00001620       0x2c .\CortexM0p\ARM_GCC_541\Debug\PressureSensor.a(CapSense_Sensing.o)
 .text.CapSense_SsSwitchSensingMode
                0x0000164c       0x3c .\CortexM0p\ARM_GCC_541\Debug\PressureSensor.a(CapSense_Sensing.o)
                0x0000164c                CapSense_SsSwitchSensingMode
 .text.CapSense_SsInitialize
                0x00001688       0x28 .\CortexM0p\ARM_GCC_541\Debug\PressureSensor.a(CapSense_Sensing.o)
                0x00001688                CapSense_SsInitialize
 .text.CapSense_SsSetShieldDelay
                0x000016b0       0x18 .\CortexM0p\ARM_GCC_541\Debug\PressureSensor.a(CapSense_SensingCSD_LL.o)
 .text.CapSense_SsCSDSetModeSnsClockDivider
                0x000016c8       0x10 .\CortexM0p\ARM_GCC_541\Debug\PressureSensor.a(CapSense_SensingCSD_LL.o)
 .text.CapSense_SsCSDSetFilterDelay
                0x000016d8       0x50 .\CortexM0p\ARM_GCC_541\Debug\PressureSensor.a(CapSense_SensingCSD_LL.o)
 .text.CapSense_SsCSDConfigIDACs
                0x00001728       0x1c .\CortexM0p\ARM_GCC_541\Debug\PressureSensor.a(CapSense_SensingCSD_LL.o)
 .text.CapSense_SsCSDCalibrateCheck
                0x00001744       0xa0 .\CortexM0p\ARM_GCC_541\Debug\PressureSensor.a(CapSense_SensingCSD_LL.o)
 .text.CapSense_SsCSDSwitchIdacGain
                0x000017e4       0x9c .\CortexM0p\ARM_GCC_541\Debug\PressureSensor.a(CapSense_SensingCSD_LL.o)
 .text.CapSense_SsCSDNormalizeIdac
                0x00001880       0xcc .\CortexM0p\ARM_GCC_541\Debug\PressureSensor.a(CapSense_SensingCSD_LL.o)
 .text.CapSense_SsCSDSetShieldElectrodesState
                0x0000194c       0x90 .\CortexM0p\ARM_GCC_541\Debug\PressureSensor.a(CapSense_SensingCSD_LL.o)
                0x0000194c                CapSense_SsCSDSetShieldElectrodesState
 .text.CapSense_SsCSDEnableShieldElectrodes
                0x000019dc        0xc .\CortexM0p\ARM_GCC_541\Debug\PressureSensor.a(CapSense_SensingCSD_LL.o)
                0x000019dc                CapSense_SsCSDEnableShieldElectrodes
 .text.CapSense_SsCSDDisableShieldElectrodes
                0x000019e8        0xc .\CortexM0p\ARM_GCC_541\Debug\PressureSensor.a(CapSense_SensingCSD_LL.o)
                0x000019e8                CapSense_SsCSDDisableShieldElectrodes
 .text.CapSense_SsCSDInitialize
                0x000019f4      0x16c .\CortexM0p\ARM_GCC_541\Debug\PressureSensor.a(CapSense_SensingCSD_LL.o)
                0x000019f4                CapSense_SsCSDInitialize
 .text.CapSense_SsCSDSetUpIdacs
                0x00001b60       0x60 .\CortexM0p\ARM_GCC_541\Debug\PressureSensor.a(CapSense_SensingCSD_LL.o)
                0x00001b60                CapSense_SsCSDSetUpIdacs
 .text.CapSense_SsCSDGetNumberOfConversions
                0x00001bc0       0x2c .\CortexM0p\ARM_GCC_541\Debug\PressureSensor.a(CapSense_SensingCSD_LL.o)
                0x00001bc0                CapSense_SsCSDGetNumberOfConversions
 .text.CapSense_SsCSDConfigClock
                0x00001bec       0x44 .\CortexM0p\ARM_GCC_541\Debug\PressureSensor.a(CapSense_SensingCSD_LL.o)
                0x00001bec                CapSense_SsCSDConfigClock
 .text.CapSense_SsCSDCalculateScanDuration
                0x00001c30       0x1c .\CortexM0p\ARM_GCC_541\Debug\PressureSensor.a(CapSense_SensingCSD_LL.o)
                0x00001c30                CapSense_SsCSDCalculateScanDuration
 .text.CapSense_SsCSDStartSample
                0x00001c4c       0xfc .\CortexM0p\ARM_GCC_541\Debug\PressureSensor.a(CapSense_SensingCSD_LL.o)
                0x00001c4c                CapSense_SsCSDStartSample
 .text.CapSense_CSDScanExt
                0x00001d48       0x20 .\CortexM0p\ARM_GCC_541\Debug\PressureSensor.a(CapSense_SensingCSD_LL.o)
                0x00001d48                CapSense_CSDScanExt
 .text.CapSense_CSDConnectSns
                0x00001d68       0x34 .\CortexM0p\ARM_GCC_541\Debug\PressureSensor.a(CapSense_SensingCSD_LL.o)
                0x00001d68                CapSense_CSDConnectSns
 .text.CapSense_CSDScan
                0x00001d9c       0xa8 .\CortexM0p\ARM_GCC_541\Debug\PressureSensor.a(CapSense_SensingCSD_LL.o)
                0x00001d9c                CapSense_CSDScan
 .text.CapSense_SsCSDConnectSensorExt
                0x00001e44       0x28 .\CortexM0p\ARM_GCC_541\Debug\PressureSensor.a(CapSense_SensingCSD_LL.o)
                0x00001e44                CapSense_SsCSDConnectSensorExt
 .text.CapSense_CSDDisconnectSns
                0x00001e6c       0x64 .\CortexM0p\ARM_GCC_541\Debug\PressureSensor.a(CapSense_SensingCSD_LL.o)
                0x00001e6c                CapSense_CSDDisconnectSns
 .text.CapSense_SsCSDElectrodeCheck
                0x00001ed0       0x24 .\CortexM0p\ARM_GCC_541\Debug\PressureSensor.a(CapSense_SensingCSD_LL.o)
                0x00001ed0                CapSense_SsCSDElectrodeCheck
 .text.CapSense_CSDSetupWidget
                0x00001ef4       0x5c .\CortexM0p\ARM_GCC_541\Debug\PressureSensor.a(CapSense_SensingCSD_LL.o)
                0x00001ef4                CapSense_CSDSetupWidget
 .text.CapSense_CSDSetupWidgetExt
                0x00001f50       0x70 .\CortexM0p\ARM_GCC_541\Debug\PressureSensor.a(CapSense_SensingCSD_LL.o)
                0x00001f50                CapSense_CSDSetupWidgetExt
 .text.CapSense_SsCSDCalibrate
                0x00001fc0      0x16c .\CortexM0p\ARM_GCC_541\Debug\PressureSensor.a(CapSense_SensingCSD_LL.o)
 .text.CapSense_CSDCalibrateWidget
                0x0000212c       0x78 .\CortexM0p\ARM_GCC_541\Debug\PressureSensor.a(CapSense_SensingCSD_LL.o)
                0x0000212c                CapSense_CSDCalibrateWidget
 .text.CapSense_ISR_SetVector
                0x000021a4        0xc .\CortexM0p\ARM_GCC_541\Debug\PressureSensor.a(CapSense_ISR.o)
                0x000021a4                CapSense_ISR_SetVector
 .text.CapSense_ISR_SetPriority
                0x000021b0       0x24 .\CortexM0p\ARM_GCC_541\Debug\PressureSensor.a(CapSense_ISR.o)
                0x000021b0                CapSense_ISR_SetPriority
 .text.CapSense_ISR_Enable
                0x000021d4       0x10 .\CortexM0p\ARM_GCC_541\Debug\PressureSensor.a(CapSense_ISR.o)
                0x000021d4                CapSense_ISR_Enable
 .text.CapSense_ISR_Disable
                0x000021e4       0x10 .\CortexM0p\ARM_GCC_541\Debug\PressureSensor.a(CapSense_ISR.o)
                0x000021e4                CapSense_ISR_Disable
 .text.CapSense_ISR_StartEx
                0x000021f4       0x1c .\CortexM0p\ARM_GCC_541\Debug\PressureSensor.a(CapSense_ISR.o)
                0x000021f4                CapSense_ISR_StartEx
 .text          0x00002210       0x20 .\CortexM0p\ARM_GCC_541\Debug\PressureSensor.a(CyBootAsmGnu.o)
                0x00002210                CyDelayCycles
                0x00002222                CyEnterCriticalSection
                0x0000222a                CyExitCriticalSection
 .text.I2C_I2C_ISR
                0x00002230      0x340 .\CortexM0p\ARM_GCC_541\Debug\PressureSensor.a(I2C_I2C_INT.o)
                0x00002230                I2C_I2C_ISR
 .text.CySysFlashSetWaitCycles
                0x00002570       0x54 .\CortexM0p\ARM_GCC_541\Debug\PressureSensor.a(CyFlash.o)
                0x00002570                CySysFlashSetWaitCycles
 .text.CapSense_SsCSDPostScan
                0x000025c4       0x60 .\CortexM0p\ARM_GCC_541\Debug\PressureSensor.a(CapSense_INT.o)
 .text.CapSense_SsCSDInitNextScan
                0x00002624       0xbc .\CortexM0p\ARM_GCC_541\Debug\PressureSensor.a(CapSense_INT.o)
 .text.CapSense_CSDPostSingleScan
                0x000026e0       0x2c .\CortexM0p\ARM_GCC_541\Debug\PressureSensor.a(CapSense_INT.o)
                0x000026e0                CapSense_CSDPostSingleScan
 .text.CapSense_CSDPostMultiScan
                0x0000270c       0x48 .\CortexM0p\ARM_GCC_541\Debug\PressureSensor.a(CapSense_INT.o)
                0x0000270c                CapSense_CSDPostMultiScan
 .text          0x00002754      0x114 c:/program files (x86)/cypress/psoc creator/4.4/psoc creator/import/gnu/arm/5.4.1/bin/../lib/gcc/arm-none-eabi/5.4.1/armv6-m\libgcc.a(_udivsi3.o)
                0x00002754                __aeabi_uidiv
                0x00002754                __udivsi3
                0x00002860                __aeabi_uidivmod
 .text          0x00002868        0x4 c:/program files (x86)/cypress/psoc creator/4.4/psoc creator/import/gnu/arm/5.4.1/bin/../lib/gcc/arm-none-eabi/5.4.1/armv6-m\libgcc.a(_dvmd_tls.o)
                0x00002868                __aeabi_idiv0
                0x00002868                __aeabi_ldiv0
 .text          0x0000286c       0x74 c:/program files (x86)/cypress/psoc creator/4.4/psoc creator/import/gnu/arm/5.4.1/bin/../lib/gcc/arm-none-eabi/5.4.1/armv6-m\libgcc.a(_arm_cmpsf2.o)
                0x0000286c                __aeabi_cfrcmple
                0x00002874                __aeabi_cfcmpeq
                0x00002874                __aeabi_cfcmple
                0x00002884                __aeabi_fcmpeq
                0x00002890                __aeabi_fcmplt
                0x000028a4                __aeabi_fcmple
                0x000028b8                __aeabi_fcmpgt
                0x000028cc                __aeabi_fcmpge
 .text          0x000028e0      0x2ec c:/program files (x86)/cypress/psoc creator/4.4/psoc creator/import/gnu/arm/5.4.1/bin/../lib/gcc/arm-none-eabi/5.4.1/armv6-m\libgcc.a(addsf3.o)
                0x000028e0                __aeabi_fadd
 .text          0x00002bcc      0x234 c:/program files (x86)/cypress/psoc creator/4.4/psoc creator/import/gnu/arm/5.4.1/bin/../lib/gcc/arm-none-eabi/5.4.1/armv6-m\libgcc.a(divsf3.o)
                0x00002bcc                __aeabi_fdiv
 .text          0x00002e00       0x50 c:/program files (x86)/cypress/psoc creator/4.4/psoc creator/import/gnu/arm/5.4.1/bin/../lib/gcc/arm-none-eabi/5.4.1/armv6-m\libgcc.a(eqsf2.o)
                0x00002e00                __eqsf2
                0x00002e00                __nesf2
 .text          0x00002e50       0x88 c:/program files (x86)/cypress/psoc creator/4.4/psoc creator/import/gnu/arm/5.4.1/bin/../lib/gcc/arm-none-eabi/5.4.1/armv6-m\libgcc.a(gesf2.o)
                0x00002e50                __gesf2
                0x00002e50                __gtsf2
 .text          0x00002ed8       0x88 c:/program files (x86)/cypress/psoc creator/4.4/psoc creator/import/gnu/arm/5.4.1/bin/../lib/gcc/arm-none-eabi/5.4.1/armv6-m\libgcc.a(lesf2.o)
                0x00002ed8                __ltsf2
                0x00002ed8                __lesf2
 .text          0x00002f60      0x228 c:/program files (x86)/cypress/psoc creator/4.4/psoc creator/import/gnu/arm/5.4.1/bin/../lib/gcc/arm-none-eabi/5.4.1/armv6-m\libgcc.a(mulsf3.o)
                0x00002f60                __aeabi_fmul
 .text          0x00003188      0x30c c:/program files (x86)/cypress/psoc creator/4.4/psoc creator/import/gnu/arm/5.4.1/bin/../lib/gcc/arm-none-eabi/5.4.1/armv6-m\libgcc.a(subsf3.o)
                0x00003188                __aeabi_fsub
 .text          0x00003494       0x7c c:/program files (x86)/cypress/psoc creator/4.4/psoc creator/import/gnu/arm/5.4.1/bin/../lib/gcc/arm-none-eabi/5.4.1/armv6-m\libgcc.a(floatunsisf.o)
                0x00003494                __aeabi_ui2f
 .text          0x00003510      0x658 c:/program files (x86)/cypress/psoc creator/4.4/psoc creator/import/gnu/arm/5.4.1/bin/../lib/gcc/arm-none-eabi/5.4.1/armv6-m\libgcc.a(adddf3.o)
                0x00003510                __aeabi_dadd
 .text          0x00003b68       0xa8 c:/program files (x86)/cypress/psoc creator/4.4/psoc creator/import/gnu/arm/5.4.1/bin/../lib/gcc/arm-none-eabi/5.4.1/armv6-m\libgcc.a(extendsfdf2.o)
                0x00003b68                __aeabi_f2d
 .text          0x00003c10      0x118 c:/program files (x86)/cypress/psoc creator/4.4/psoc creator/import/gnu/arm/5.4.1/bin/../lib/gcc/arm-none-eabi/5.4.1/armv6-m\libgcc.a(truncdfsf2.o)
                0x00003c10                __aeabi_d2f
 .text          0x00003d28       0x3c c:/program files (x86)/cypress/psoc creator/4.4/psoc creator/import/gnu/arm/5.4.1/bin/../lib/gcc/arm-none-eabi/5.4.1/armv6-m\libgcc.a(_clzsi2.o)
                0x00003d28                __clzsi2
 .text.__errno  0x00003d64        0xc c:/program files (x86)/cypress/psoc creator/4.4/psoc creator/import/gnu/arm/5.4.1/bin/../lib/gcc/arm-none-eabi/5.4.1/../../../../arm-none-eabi/lib/armv6-m\libg_nano.a(lib_a-errno.o)
                0x00003d64                __errno
 .text.__libc_init_array
                0x00003d70       0x4c c:/program files (x86)/cypress/psoc creator/4.4/psoc creator/import/gnu/arm/5.4.1/bin/../lib/gcc/arm-none-eabi/5.4.1/../../../../arm-none-eabi/lib/armv6-m\libg_nano.a(lib_a-init.o)
                0x00003d70                __libc_init_array
 .text.memcpy   0x00003dbc       0x12 c:/program files (x86)/cypress/psoc creator/4.4/psoc creator/import/gnu/arm/5.4.1/bin/../lib/gcc/arm-none-eabi/5.4.1/../../../../arm-none-eabi/lib/armv6-m\libg_nano.a(lib_a-memcpy-stub.o)
                0x00003dbc                memcpy
 .text.memset   0x00003dce       0x10 c:/program files (x86)/cypress/psoc creator/4.4/psoc creator/import/gnu/arm/5.4.1/bin/../lib/gcc/arm-none-eabi/5.4.1/../../../../arm-none-eabi/lib/armv6-m\libg_nano.a(lib_a-memset.o)
                0x00003dce                memset
 *(.plt)
 *(.gnu.warning)
 *(.glue_7t)
 .glue_7t       0x00003dde        0x0 linker stubs
 *(.glue_7)
 .glue_7        0x00003dde        0x0 linker stubs
 *(.vfp11_veneer)
 .vfp11_veneer  0x00003dde        0x0 linker stubs
 *(.bootloader)
 *(.ARM.extab* .gnu.linkonce.armextab.*)
 *(.gcc_except_table)

.v4_bx          0x00003de0        0x0
 .v4_bx         0x00003de0        0x0 linker stubs

.iplt           0x00003de0        0x0
 .iplt          0x00003de0        0x0 c:/program files (x86)/cypress/psoc creator/4.4/psoc creator/import/gnu/arm/5.4.1/bin/../lib/gcc/arm-none-eabi/5.4.1/armv6-m/crtbegin.o

.eh_frame_hdr
 *(.eh_frame_hdr)

.eh_frame       0x00003de0        0x4
 *(.eh_frame)
 .eh_frame      0x00003de0        0x0 c:/program files (x86)/cypress/psoc creator/4.4/psoc creator/import/gnu/arm/5.4.1/bin/../lib/gcc/arm-none-eabi/5.4.1/armv6-m/crtbegin.o
 .eh_frame      0x00003de0        0x4 c:/program files (x86)/cypress/psoc creator/4.4/psoc creator/import/gnu/arm/5.4.1/bin/../lib/gcc/arm-none-eabi/5.4.1/armv6-m/crtend.o
                [!provide]                PROVIDE (__exidx_start, .)

.ARM.exidx
 *(.ARM.exidx* .gnu.linkonce.armexidx.*)
                0x00003de4                __exidx_end = .

.rodata         0x00003de4      0x194
 *(.rodata .rodata.* .gnu.linkonce.r.*)
 .rodata        0x00003de4       0x60 .\CortexM0p\ARM_GCC_541\Debug\PressureSensor.a(CapSense_Structure.o)
                0x00003de4                CapSense_ramIdacInit
                0x00003de8                CapSense_dsFlash
                0x00003e04                CapSense_ramWidgetInit
                0x00003e14                CapSense_shieldIoList
                0x00003e28                CapSense_ioList
 .rodata        0x00003e44       0x39 .\CortexM0p\ARM_GCC_541\Debug\PressureSensor.a(CapSense_Sensing.o)
                0x00003e44                CapSense_idacGainTable
                0x00003e7c                CapSense_scanFreqIndex
 *fill*         0x00003e7d        0x3 
 .rodata        0x00003e80       0x80 c:/program files (x86)/cypress/psoc creator/4.4/psoc creator/import/gnu/arm/5.4.1/bin/../lib/gcc/arm-none-eabi/5.4.1/armv6-m\libgcc.a(divsf3.o)
 .rodata        0x00003f00       0x40 c:/program files (x86)/cypress/psoc creator/4.4/psoc creator/import/gnu/arm/5.4.1/bin/../lib/gcc/arm-none-eabi/5.4.1/armv6-m\libgcc.a(mulsf3.o)
 .rodata.str1.1
                0x00003f40        0x2 c:/program files (x86)/cypress/psoc creator/4.4/psoc creator/import/gnu/arm/5.4.1/bin/../lib/gcc/arm-none-eabi/5.4.1/../../../../arm-none-eabi/lib/armv6-m\libg_nano.a(lib_a-impure.o)
                0x00003f44                . = ALIGN (0x4)
 *fill*         0x00003f42        0x2 
 *(.init)
 .init          0x00003f44        0x4 c:/program files (x86)/cypress/psoc creator/4.4/psoc creator/import/gnu/arm/5.4.1/bin/../lib/gcc/arm-none-eabi/5.4.1/armv6-m/crti.o
                0x00003f44                _init
 .init          0x00003f48        0x8 c:/program files (x86)/cypress/psoc creator/4.4/psoc creator/import/gnu/arm/5.4.1/bin/../lib/gcc/arm-none-eabi/5.4.1/armv6-m/crtn.o
                0x00003f50                . = ALIGN (0x4)
                0x00003f50                __preinit_array_start = .
 *(.preinit_array)
                0x00003f50                __preinit_array_end = .
                0x00003f50                . = ALIGN (0x4)
                0x00003f50                __init_array_start = .
 *(SORT(.init_array.*))
 *(.init_array)
 .init_array    0x00003f50        0x4 c:/program files (x86)/cypress/psoc creator/4.4/psoc creator/import/gnu/arm/5.4.1/bin/../lib/gcc/arm-none-eabi/5.4.1/armv6-m/crtbegin.o
 .init_array    0x00003f54        0x4 .\CortexM0p\ARM_GCC_541\Debug\Cm0plusStart.o
                0x00003f58                __init_array_end = .
                0x00003f58                . = ALIGN (0x4)
 *(.fini)
 .fini          0x00003f58        0x4 c:/program files (x86)/cypress/psoc creator/4.4/psoc creator/import/gnu/arm/5.4.1/bin/../lib/gcc/arm-none-eabi/5.4.1/armv6-m/crti.o
                0x00003f58                _fini
 .fini          0x00003f5c        0x8 c:/program files (x86)/cypress/psoc creator/4.4/psoc creator/import/gnu/arm/5.4.1/bin/../lib/gcc/arm-none-eabi/5.4.1/armv6-m/crtn.o
                0x00003f64                . = ALIGN (0x4)
                0x00003f64                __fini_array_start = .
 *(.fini_array)
 .fini_array    0x00003f64        0x4 c:/program files (x86)/cypress/psoc creator/4.4/psoc creator/import/gnu/arm/5.4.1/bin/../lib/gcc/arm-none-eabi/5.4.1/armv6-m/crtbegin.o
 *(SORT(.fini_array.*))
                0x00003f68                __fini_array_end = .
                0x00003f68                . = ALIGN (0x4)
 *crtbegin.o(.ctors)
 *(EXCLUDE_FILE(*crtend.o) .ctors)
 *(SORT(.ctors.*))
 *crtend.o(.ctors)
                0x00003f68                . = ALIGN (0x4)
 *crtbegin.o(.dtors)
 *(EXCLUDE_FILE(*crtend.o) .dtors)
 *(SORT(.dtors.*))
 *crtend.o(.dtors)
                0x00003f68                . = ALIGN (0x4)
                0x00003f68                __cy_regions = .
                0x00003f68        0x4 LONG 0x3f78 __cy_region_init_ram
                0x00003f6c        0x4 LONG 0x200000b8 __cy_region_start_data
                0x00003f70        0x4 LONG 0x98 __cy_region_init_size_ram
                0x00003f74        0x4 LONG 0x100 __cy_region_zero_size_ram
                0x00003f78                __cy_regions_end = .
                0x00003f78                . = ALIGN (0x8)
                0x00003f78                _etext = .

.cy_checksum_exclude
                0x00003f78        0x0
 *(.cy_checksum_exclude)

.ramvectors     0x20000000       0xb4
                0x20000000                __cy_region_start_ram = .
 *(.ramvectors)
 .ramvectors    0x20000000       0xb4 .\CortexM0p\ARM_GCC_541\Debug\Cm0plusStart.o
                0x20000000                CyRamVectors

.noinit
 *(.noinit)

.data           0x200000b8       0x98 load address 0x00003f78
                0x200000b8                __cy_region_start_data = .
 *(.jcr)
 .jcr           0x200000b8        0x0 c:/program files (x86)/cypress/psoc creator/4.4/psoc creator/import/gnu/arm/5.4.1/bin/../lib/gcc/arm-none-eabi/5.4.1/armv6-m/crtbegin.o
 .jcr           0x200000b8        0x4 c:/program files (x86)/cypress/psoc creator/4.4/psoc creator/import/gnu/arm/5.4.1/bin/../lib/gcc/arm-none-eabi/5.4.1/armv6-m/crtend.o
 *(.got.plt)
 *(.got)
 *(.shdata)
 *(.data .data.* .gnu.linkonce.d.*)
 .data          0x200000bc       0x14 .\CortexM0p\ARM_GCC_541\Debug\main.o
                0x200000bc                under752Slope
                0x200000c0                under1000Slope
                0x200000c4                under1504Slope
                0x200000c8                under3000Slope
                0x200000cc                busy
 .data          0x200000d0       0x14 .\CortexM0p\ARM_GCC_541\Debug\PressureSensor.a(CyLib.o)
                0x200000d0                CySysClkPumpConfig
                0x200000d4                cydelay32kMs
                0x200000d8                cydelayFreqKhz
                0x200000dc                cydelayFreqMhz
                0x200000e0                cydelayFreqHz
 .data          0x200000e4        0x4 .\CortexM0p\ARM_GCC_541\Debug\PressureSensor.a(CyLFClk.o)
 .data          0x200000e8        0x4 .\CortexM0p\ARM_GCC_541\Debug\PressureSensor.a(CapSense_SensingCSD_LL.o)
                0x200000e8                CapSense_configCsd
 .data.impure_data
                0x200000ec       0x60 c:/program files (x86)/cypress/psoc creator/4.4/psoc creator/import/gnu/arm/5.4.1/bin/../lib/gcc/arm-none-eabi/5.4.1/../../../../arm-none-eabi/lib/armv6-m\libg_nano.a(lib_a-impure.o)
 .data._impure_ptr
                0x2000014c        0x4 c:/program files (x86)/cypress/psoc creator/4.4/psoc creator/import/gnu/arm/5.4.1/bin/../lib/gcc/arm-none-eabi/5.4.1/../../../../arm-none-eabi/lib/armv6-m\libg_nano.a(lib_a-impure.o)
                0x2000014c                _impure_ptr
                0x20000150                . = ALIGN (0x8)
 *(.ram)
                0x20000150                _edata = .

.igot.plt       0x20000150        0x0 load address 0x00004010
 .igot.plt      0x20000150        0x0 c:/program files (x86)/cypress/psoc creator/4.4/psoc creator/import/gnu/arm/5.4.1/bin/../lib/gcc/arm-none-eabi/5.4.1/armv6-m/crtbegin.o

.bss            0x20000150      0x100 load address 0x00004010
                0x20000150                PROVIDE (__bss_start__, .)
 *(.shbss)
 *(.bss .bss.* .gnu.linkonce.b.*)
 .bss           0x20000150       0x1c c:/program files (x86)/cypress/psoc creator/4.4/psoc creator/import/gnu/arm/5.4.1/bin/../lib/gcc/arm-none-eabi/5.4.1/armv6-m/crtbegin.o
 .bss           0x2000016c        0x8 .\CortexM0p\ARM_GCC_541\Debug\PressureSensor.a(I2C.o)
                0x2000016c                I2C_initVar
                0x20000170                I2C_customIntrHandler
 .bss           0x20000174       0x18 .\CortexM0p\ARM_GCC_541\Debug\PressureSensor.a(CyLFClk.o)
 .bss           0x2000018c        0x1 .\CortexM0p\ARM_GCC_541\Debug\PressureSensor.a(CapSense_Control.o)
 *fill*         0x2000018d        0x3 
 .bss           0x20000190        0x1 .\CortexM0p\ARM_GCC_541\Debug\PressureSensor.a(CapSense_Structure.o)
 *fill*         0x20000191        0x3 
 .bss           0x20000194        0x4 .\CortexM0p\ARM_GCC_541\Debug\PressureSensor.a(CapSense_Tuner.o)
 .bss           0x20000198        0x4 .\CortexM0p\ARM_GCC_541\Debug\PressureSensor.a(CapSense_Sensing.o)
                0x20000198                CapSense_currentSenseMethod
                0x20000199                CapSense_requestScanAllWidget
                0x2000019a                CapSense_sensorIndex
                0x2000019b                CapSense_widgetIndex
 .bss           0x2000019c        0x1 .\CortexM0p\ARM_GCC_541\Debug\PressureSensor.a(CapSense_SensingCSD_LL.o)
 *(COMMON)
 *fill*         0x2000019d        0x3 
 COMMON         0x200001a0       0x3c .\CortexM0p\ARM_GCC_541\Debug\main.o
                0x200001a0                frequency
                0x200001a4                pressureData2
                0x200001a8                frequencySum
                0x200001ac                kPaData
                0x200001b0                data16Bit
                0x200001b4                avgPa
                0x200001b8                sum
                0x200001bc                readByte2
                0x200001c0                pressureData1
                0x200001c4                i
                0x200001c8                readByte1
                0x200001cc                avgFrequency
                0x200001d0                paPressure
                0x200001d4                start
                0x200001d8                stop
 COMMON         0x200001dc        0x1 .\CortexM0p\ARM_GCC_541\Debug\PressureSensor.a(I2C_I2C.o)
                0x200001dc                I2C_state
 *fill*         0x200001dd        0x3 
 COMMON         0x200001e0       0x24 .\CortexM0p\ARM_GCC_541\Debug\PressureSensor.a(I2C_I2C_MASTER.o)
                0x200001e0                I2C_mstrWrBufIndexTmp
                0x200001e4                I2C_mstrWrBufIndex
                0x200001e8                I2C_mstrWrBufSize
                0x200001ec                I2C_mstrStatus
                0x200001f0                I2C_mstrRdBufPtr
                0x200001f4                I2C_mstrControl
                0x200001f8                I2C_mstrRdBufSize
                0x200001fc                I2C_mstrRdBufIndex
                0x20000200                I2C_mstrWrBufPtr
 COMMON         0x20000204       0x40 .\CortexM0p\ARM_GCC_541\Debug\PressureSensor.a(CapSense_Structure.o)
                0x20000204                CapSense_dsRam
 COMMON         0x20000244        0x8 .\CortexM0p\ARM_GCC_541\Debug\PressureSensor.a(CapSense_Sensing.o)
                0x20000244                CapSense_curRamSnsPtr
                0x20000248                CapSense_curSnsIOPtr
                0x20000250                . = ALIGN (0x8)
 *fill*         0x2000024c        0x4 
 *(.ram.b)
                0x20000250                _end = .
                0x20000250                __end = .
                0x20000250                PROVIDE (end, .)
                0x20000250                PROVIDE (__bss_end__, .)
                0x00003f78                __cy_region_init_ram = LOADADDR (.data)
                0x00000098                __cy_region_init_size_ram = (_edata - ADDR (.data))
                0x00000100                __cy_region_zero_size_ram = (_end - _edata)

.heap           0x20000250       0x80 load address 0x00004010
                0x20000250                . = _end
                0x200002d0                . = (. + 0x80)
 *fill*         0x20000250       0x80 
                0x200002d0                __cy_heap_limit = .

.stack          0x20007800      0x800
                0x20007800                __cy_stack_limit = .
                0x20008000                . = (. + 0x800)
 *fill*         0x20007800      0x800 
                0x00000001                ASSERT ((__cy_stack_limit >= __cy_heap_limit), region RAM overflowed with stack)
                0x00000000                cy_checksum_exclude_size = (CY_APPL_LOADABLE == 0x1)?SIZEOF (.cy_checksum_exclude):0x0
                0x00000001                ASSERT ((cy_checksum_exclude_size <= CY_CHECKSUM_EXCLUDE_SIZE), CY_BOOT: Section .cy_checksum_exclude size exceedes specified limit.)
                0x0003ffc0                cyloadermeta_start = (cy_project_type_bootloader || cy_project_type_app_for_stack_and_copier)?(LENGTH (rom) - CY_METADATA_SIZE):0xf0000000

.cyloadermeta
 *(.cyloadermeta)
                0x0003ffc0                cyloadablemeta_start = cy_project_type_app_for_stack_and_copier?((LENGTH (rom) - CY_FLASH_ROW_SIZE) - CY_METADATA_SIZE):((LENGTH (rom) - (CY_FLASH_ROW_SIZE * (CY_APPL_NUM - 0x1))) - CY_METADATA_SIZE)

.cyloadablemeta
 *(.cyloadablemeta)

.cyflashprotect
                0x90400000       0x80
 *(.cyflashprotect)
 .cyflashprotect
                0x90400000       0x80 .\CortexM0p\ARM_GCC_541\Debug\cymetadata.o
                0x90400000                cy_meta_flashprotect

.cymeta         0x90500000        0xc
 *(.cymeta)
 .cymeta        0x90500000        0xc .\CortexM0p\ARM_GCC_541\Debug\cymetadata.o
                0x90500000                cy_metadata

.cychipprotect  0x90600000        0x1
 *(.cychipprotect)
 .cychipprotect
                0x90600000        0x1 .\CortexM0p\ARM_GCC_541\Debug\cymetadata.o
                0x90600000                cy_meta_chipprotect

.rel.dyn        0x00004010        0x0 load address 0x90600004
 .rel.iplt      0x00004010        0x0 c:/program files (x86)/cypress/psoc creator/4.4/psoc creator/import/gnu/arm/5.4.1/bin/../lib/gcc/arm-none-eabi/5.4.1/armv6-m/crtbegin.o

.stab
 *(.stab)

.stabstr
 *(.stabstr)

.debug
 *(.debug)

.line
 *(.line)

.debug_srcinfo
 *(.debug_srcinfo)

.debug_sfnames
 *(.debug_sfnames)

.debug_aranges  0x00000000      0xb10
 *(.debug_aranges)
 .debug_aranges
                0x00000000       0x40 .\CortexM0p\ARM_GCC_541\Debug\main.o
 .debug_aranges
                0x00000040       0x38 .\CortexM0p\ARM_GCC_541\Debug\cyfitter_cfg.o
 .debug_aranges
                0x00000078       0x18 .\CortexM0p\ARM_GCC_541\Debug\cymetadata.o
 .debug_aranges
                0x00000090       0x48 .\CortexM0p\ARM_GCC_541\Debug\Cm0plusStart.o
 .debug_aranges
                0x000000d8       0x60 .\CortexM0p\ARM_GCC_541\Debug\PressureSensor.a(I2C.o)
 .debug_aranges
                0x00000138       0x30 .\CortexM0p\ARM_GCC_541\Debug\PressureSensor.a(I2C_I2C.o)
 .debug_aranges
                0x00000168       0x98 .\CortexM0p\ARM_GCC_541\Debug\PressureSensor.a(I2C_I2C_MASTER.o)
 .debug_aranges
                0x00000200      0x2b0 .\CortexM0p\ARM_GCC_541\Debug\PressureSensor.a(CyLib.o)
 .debug_aranges
                0x000004b0      0x1a8 .\CortexM0p\ARM_GCC_541\Debug\PressureSensor.a(CyLFClk.o)
 .debug_aranges
                0x00000658       0x68 .\CortexM0p\ARM_GCC_541\Debug\PressureSensor.a(CapSense_Control.o)
 .debug_aranges
                0x000006c0       0x48 .\CortexM0p\ARM_GCC_541\Debug\PressureSensor.a(CapSense_Processing.o)
 .debug_aranges
                0x00000708       0x50 .\CortexM0p\ARM_GCC_541\Debug\PressureSensor.a(CapSense_Structure.o)
 .debug_aranges
                0x00000758       0x28 .\CortexM0p\ARM_GCC_541\Debug\PressureSensor.a(CapSense_Tuner.o)
 .debug_aranges
                0x00000780       0x70 .\CortexM0p\ARM_GCC_541\Debug\PressureSensor.a(CapSense_Filter.o)
 .debug_aranges
                0x000007f0       0xf0 .\CortexM0p\ARM_GCC_541\Debug\PressureSensor.a(CapSense_Sensing.o)
 .debug_aranges
                0x000008e0       0xf0 .\CortexM0p\ARM_GCC_541\Debug\PressureSensor.a(CapSense_SensingCSD_LL.o)
 .debug_aranges
                0x000009d0       0x80 .\CortexM0p\ARM_GCC_541\Debug\PressureSensor.a(CapSense_ISR.o)
 .debug_aranges
                0x00000a50       0x20 .\CortexM0p\ARM_GCC_541\Debug\PressureSensor.a(CyBootAsmGnu.o)
 .debug_aranges
                0x00000a70       0x20 .\CortexM0p\ARM_GCC_541\Debug\PressureSensor.a(I2C_I2C_INT.o)
 .debug_aranges
                0x00000a90       0x48 .\CortexM0p\ARM_GCC_541\Debug\PressureSensor.a(CyFlash.o)
 .debug_aranges
                0x00000ad8       0x38 .\CortexM0p\ARM_GCC_541\Debug\PressureSensor.a(CapSense_INT.o)

.debug_pubnames
 *(.debug_pubnames)

.debug_info     0x00000000     0x9e63
 *(.debug_info .gnu.linkonce.wi.*)
 .debug_info    0x00000000      0x496 .\CortexM0p\ARM_GCC_541\Debug\main.o
 .debug_info    0x00000496      0x1c3 .\CortexM0p\ARM_GCC_541\Debug\cyfitter_cfg.o
 .debug_info    0x00000659       0xf8 .\CortexM0p\ARM_GCC_541\Debug\cymetadata.o
 .debug_info    0x00000751      0x3a5 .\CortexM0p\ARM_GCC_541\Debug\Cm0plusStart.o
 .debug_info    0x00000af6      0x298 .\CortexM0p\ARM_GCC_541\Debug\PressureSensor.a(I2C.o)
 .debug_info    0x00000d8e      0x195 .\CortexM0p\ARM_GCC_541\Debug\PressureSensor.a(I2C_I2C.o)
 .debug_info    0x00000f23      0x813 .\CortexM0p\ARM_GCC_541\Debug\PressureSensor.a(I2C_I2C_MASTER.o)
 .debug_info    0x00001736     0x17fc .\CortexM0p\ARM_GCC_541\Debug\PressureSensor.a(CyLib.o)
 .debug_info    0x00002f32      0xd06 .\CortexM0p\ARM_GCC_541\Debug\PressureSensor.a(CyLFClk.o)
 .debug_info    0x00003c38      0x9cc .\CortexM0p\ARM_GCC_541\Debug\PressureSensor.a(CapSense_Control.o)
 .debug_info    0x00004604      0x972 .\CortexM0p\ARM_GCC_541\Debug\PressureSensor.a(CapSense_Processing.o)
 .debug_info    0x00004f76      0xaa1 .\CortexM0p\ARM_GCC_541\Debug\PressureSensor.a(CapSense_Structure.o)
 .debug_info    0x00005a17      0x5e1 .\CortexM0p\ARM_GCC_541\Debug\PressureSensor.a(CapSense_Tuner.o)
 .debug_info    0x00005ff8      0x7c8 .\CortexM0p\ARM_GCC_541\Debug\PressureSensor.a(CapSense_Filter.o)
 .debug_info    0x000067c0     0x11ee .\CortexM0p\ARM_GCC_541\Debug\PressureSensor.a(CapSense_Sensing.o)
 .debug_info    0x000079ae     0x143a .\CortexM0p\ARM_GCC_541\Debug\PressureSensor.a(CapSense_SensingCSD_LL.o)
 .debug_info    0x00008de8      0x305 .\CortexM0p\ARM_GCC_541\Debug\PressureSensor.a(CapSense_ISR.o)
 .debug_info    0x000090ed       0x8a .\CortexM0p\ARM_GCC_541\Debug\PressureSensor.a(CyBootAsmGnu.o)
 .debug_info    0x00009177      0x1a8 .\CortexM0p\ARM_GCC_541\Debug\PressureSensor.a(I2C_I2C_INT.o)
 .debug_info    0x0000931f      0x412 .\CortexM0p\ARM_GCC_541\Debug\PressureSensor.a(CyFlash.o)
 .debug_info    0x00009731      0x732 .\CortexM0p\ARM_GCC_541\Debug\PressureSensor.a(CapSense_INT.o)

.debug_abbrev   0x00000000     0x1fa8
 *(.debug_abbrev)
 .debug_abbrev  0x00000000       0xf6 .\CortexM0p\ARM_GCC_541\Debug\main.o
 .debug_abbrev  0x000000f6       0xe8 .\CortexM0p\ARM_GCC_541\Debug\cyfitter_cfg.o
 .debug_abbrev  0x000001de       0x5d .\CortexM0p\ARM_GCC_541\Debug\cymetadata.o
 .debug_abbrev  0x0000023b      0x1d0 .\CortexM0p\ARM_GCC_541\Debug\Cm0plusStart.o
 .debug_abbrev  0x0000040b      0x118 .\CortexM0p\ARM_GCC_541\Debug\PressureSensor.a(I2C.o)
 .debug_abbrev  0x00000523       0xc7 .\CortexM0p\ARM_GCC_541\Debug\PressureSensor.a(I2C_I2C.o)
 .debug_abbrev  0x000005ea      0x1c2 .\CortexM0p\ARM_GCC_541\Debug\PressureSensor.a(I2C_I2C_MASTER.o)
 .debug_abbrev  0x000007ac      0x265 .\CortexM0p\ARM_GCC_541\Debug\PressureSensor.a(CyLib.o)
 .debug_abbrev  0x00000a11      0x207 .\CortexM0p\ARM_GCC_541\Debug\PressureSensor.a(CyLFClk.o)
 .debug_abbrev  0x00000c18      0x218 .\CortexM0p\ARM_GCC_541\Debug\PressureSensor.a(CapSense_Control.o)
 .debug_abbrev  0x00000e30      0x1c2 .\CortexM0p\ARM_GCC_541\Debug\PressureSensor.a(CapSense_Processing.o)
 .debug_abbrev  0x00000ff2      0x20e .\CortexM0p\ARM_GCC_541\Debug\PressureSensor.a(CapSense_Structure.o)
 .debug_abbrev  0x00001200      0x166 .\CortexM0p\ARM_GCC_541\Debug\PressureSensor.a(CapSense_Tuner.o)
 .debug_abbrev  0x00001366      0x202 .\CortexM0p\ARM_GCC_541\Debug\PressureSensor.a(CapSense_Filter.o)
 .debug_abbrev  0x00001568      0x237 .\CortexM0p\ARM_GCC_541\Debug\PressureSensor.a(CapSense_Sensing.o)
 .debug_abbrev  0x0000179f      0x2a1 .\CortexM0p\ARM_GCC_541\Debug\PressureSensor.a(CapSense_SensingCSD_LL.o)
 .debug_abbrev  0x00001a40      0x19a .\CortexM0p\ARM_GCC_541\Debug\PressureSensor.a(CapSense_ISR.o)
 .debug_abbrev  0x00001bda       0x14 .\CortexM0p\ARM_GCC_541\Debug\PressureSensor.a(CyBootAsmGnu.o)
 .debug_abbrev  0x00001bee       0xa4 .\CortexM0p\ARM_GCC_541\Debug\PressureSensor.a(I2C_I2C_INT.o)
 .debug_abbrev  0x00001c92      0x19e .\CortexM0p\ARM_GCC_541\Debug\PressureSensor.a(CyFlash.o)
 .debug_abbrev  0x00001e30      0x178 .\CortexM0p\ARM_GCC_541\Debug\PressureSensor.a(CapSense_INT.o)

.debug_line     0x00000000     0x357f
 *(.debug_line)
 .debug_line    0x00000000      0x22c .\CortexM0p\ARM_GCC_541\Debug\main.o
 .debug_line    0x0000022c       0xd1 .\CortexM0p\ARM_GCC_541\Debug\cyfitter_cfg.o
 .debug_line    0x000002fd      0x141 .\CortexM0p\ARM_GCC_541\Debug\cymetadata.o
 .debug_line    0x0000043e      0x247 .\CortexM0p\ARM_GCC_541\Debug\Cm0plusStart.o
 .debug_line    0x00000685      0x124 .\CortexM0p\ARM_GCC_541\Debug\PressureSensor.a(I2C.o)
 .debug_line    0x000007a9       0xc2 .\CortexM0p\ARM_GCC_541\Debug\PressureSensor.a(I2C_I2C.o)
 .debug_line    0x0000086b      0x2fc .\CortexM0p\ARM_GCC_541\Debug\PressureSensor.a(I2C_I2C_MASTER.o)
 .debug_line    0x00000b67      0x95e .\CortexM0p\ARM_GCC_541\Debug\PressureSensor.a(CyLib.o)
 .debug_line    0x000014c5      0x5c1 .\CortexM0p\ARM_GCC_541\Debug\PressureSensor.a(CyLFClk.o)
 .debug_line    0x00001a86      0x213 .\CortexM0p\ARM_GCC_541\Debug\PressureSensor.a(CapSense_Control.o)
 .debug_line    0x00001c99      0x2db .\CortexM0p\ARM_GCC_541\Debug\PressureSensor.a(CapSense_Processing.o)
 .debug_line    0x00001f74      0x1c1 .\CortexM0p\ARM_GCC_541\Debug\PressureSensor.a(CapSense_Structure.o)
 .debug_line    0x00002135      0x11c .\CortexM0p\ARM_GCC_541\Debug\PressureSensor.a(CapSense_Tuner.o)
 .debug_line    0x00002251      0x1bf .\CortexM0p\ARM_GCC_541\Debug\PressureSensor.a(CapSense_Filter.o)
 .debug_line    0x00002410      0x5b5 .\CortexM0p\ARM_GCC_541\Debug\PressureSensor.a(CapSense_Sensing.o)
 .debug_line    0x000029c5      0x583 .\CortexM0p\ARM_GCC_541\Debug\PressureSensor.a(CapSense_SensingCSD_LL.o)
 .debug_line    0x00002f48      0x158 .\CortexM0p\ARM_GCC_541\Debug\PressureSensor.a(CapSense_ISR.o)
 .debug_line    0x000030a0       0x68 .\CortexM0p\ARM_GCC_541\Debug\PressureSensor.a(CyBootAsmGnu.o)
 .debug_line    0x00003108      0x15c .\CortexM0p\ARM_GCC_541\Debug\PressureSensor.a(I2C_I2C_INT.o)
 .debug_line    0x00003264      0x1e3 .\CortexM0p\ARM_GCC_541\Debug\PressureSensor.a(CyFlash.o)
 .debug_line    0x00003447      0x138 .\CortexM0p\ARM_GCC_541\Debug\PressureSensor.a(CapSense_INT.o)

.debug_frame    0x00000000     0x2138
 *(.debug_frame)
 .debug_frame   0x00000000       0xa0 .\CortexM0p\ARM_GCC_541\Debug\main.o
 .debug_frame   0x000000a0       0x78 .\CortexM0p\ARM_GCC_541\Debug\cyfitter_cfg.o
 .debug_frame   0x00000118       0xbc .\CortexM0p\ARM_GCC_541\Debug\Cm0plusStart.o
 .debug_frame   0x000001d4       0xe8 .\CortexM0p\ARM_GCC_541\Debug\PressureSensor.a(I2C.o)
 .debug_frame   0x000002bc       0x58 .\CortexM0p\ARM_GCC_541\Debug\PressureSensor.a(I2C_I2C.o)
 .debug_frame   0x00000314      0x1d8 .\CortexM0p\ARM_GCC_541\Debug\PressureSensor.a(I2C_I2C_MASTER.o)
 .debug_frame   0x000004ec      0x778 .\CortexM0p\ARM_GCC_541\Debug\PressureSensor.a(CyLib.o)
 .debug_frame   0x00000c64      0x484 .\CortexM0p\ARM_GCC_541\Debug\PressureSensor.a(CyLFClk.o)
 .debug_frame   0x000010e8      0x120 .\CortexM0p\ARM_GCC_541\Debug\PressureSensor.a(CapSense_Control.o)
 .debug_frame   0x00001208       0xe0 .\CortexM0p\ARM_GCC_541\Debug\PressureSensor.a(CapSense_Processing.o)
 .debug_frame   0x000012e8       0xc0 .\CortexM0p\ARM_GCC_541\Debug\PressureSensor.a(CapSense_Structure.o)
 .debug_frame   0x000013a8       0x40 .\CortexM0p\ARM_GCC_541\Debug\PressureSensor.a(CapSense_Tuner.o)
 .debug_frame   0x000013e8      0x148 .\CortexM0p\ARM_GCC_541\Debug\PressureSensor.a(CapSense_Filter.o)
 .debug_frame   0x00001530      0x308 .\CortexM0p\ARM_GCC_541\Debug\PressureSensor.a(CapSense_Sensing.o)
 .debug_frame   0x00001838      0x388 .\CortexM0p\ARM_GCC_541\Debug\PressureSensor.a(CapSense_SensingCSD_LL.o)
 .debug_frame   0x00001bc0      0x110 .\CortexM0p\ARM_GCC_541\Debug\PressureSensor.a(CapSense_ISR.o)
 .debug_frame   0x00001cd0       0x2c .\CortexM0p\ARM_GCC_541\Debug\PressureSensor.a(I2C_I2C_INT.o)
 .debug_frame   0x00001cfc       0xa8 .\CortexM0p\ARM_GCC_541\Debug\PressureSensor.a(CyFlash.o)
 .debug_frame   0x00001da4       0x78 .\CortexM0p\ARM_GCC_541\Debug\PressureSensor.a(CapSense_INT.o)
 .debug_frame   0x00001e1c       0x20 c:/program files (x86)/cypress/psoc creator/4.4/psoc creator/import/gnu/arm/5.4.1/bin/../lib/gcc/arm-none-eabi/5.4.1/armv6-m\libgcc.a(_udivsi3.o)
 .debug_frame   0x00001e3c       0x20 c:/program files (x86)/cypress/psoc creator/4.4/psoc creator/import/gnu/arm/5.4.1/bin/../lib/gcc/arm-none-eabi/5.4.1/armv6-m\libgcc.a(_divsi3.o)
 .debug_frame   0x00001e5c       0x30 c:/program files (x86)/cypress/psoc creator/4.4/psoc creator/import/gnu/arm/5.4.1/bin/../lib/gcc/arm-none-eabi/5.4.1/armv6-m\libgcc.a(addsf3.o)
 .debug_frame   0x00001e8c       0x3c c:/program files (x86)/cypress/psoc creator/4.4/psoc creator/import/gnu/arm/5.4.1/bin/../lib/gcc/arm-none-eabi/5.4.1/armv6-m\libgcc.a(divsf3.o)
 .debug_frame   0x00001ec8       0x2c c:/program files (x86)/cypress/psoc creator/4.4/psoc creator/import/gnu/arm/5.4.1/bin/../lib/gcc/arm-none-eabi/5.4.1/armv6-m\libgcc.a(eqsf2.o)
 .debug_frame   0x00001ef4       0x30 c:/program files (x86)/cypress/psoc creator/4.4/psoc creator/import/gnu/arm/5.4.1/bin/../lib/gcc/arm-none-eabi/5.4.1/armv6-m\libgcc.a(gesf2.o)
 .debug_frame   0x00001f24       0x30 c:/program files (x86)/cypress/psoc creator/4.4/psoc creator/import/gnu/arm/5.4.1/bin/../lib/gcc/arm-none-eabi/5.4.1/armv6-m\libgcc.a(lesf2.o)
 .debug_frame   0x00001f54       0x38 c:/program files (x86)/cypress/psoc creator/4.4/psoc creator/import/gnu/arm/5.4.1/bin/../lib/gcc/arm-none-eabi/5.4.1/armv6-m\libgcc.a(mulsf3.o)
 .debug_frame   0x00001f8c       0x30 c:/program files (x86)/cypress/psoc creator/4.4/psoc creator/import/gnu/arm/5.4.1/bin/../lib/gcc/arm-none-eabi/5.4.1/armv6-m\libgcc.a(subsf3.o)
 .debug_frame   0x00001fbc       0x2c c:/program files (x86)/cypress/psoc creator/4.4/psoc creator/import/gnu/arm/5.4.1/bin/../lib/gcc/arm-none-eabi/5.4.1/armv6-m\libgcc.a(floatunsisf.o)
 .debug_frame   0x00001fe8       0x3c c:/program files (x86)/cypress/psoc creator/4.4/psoc creator/import/gnu/arm/5.4.1/bin/../lib/gcc/arm-none-eabi/5.4.1/armv6-m\libgcc.a(adddf3.o)
 .debug_frame   0x00002024       0x2c c:/program files (x86)/cypress/psoc creator/4.4/psoc creator/import/gnu/arm/5.4.1/bin/../lib/gcc/arm-none-eabi/5.4.1/armv6-m\libgcc.a(extendsfdf2.o)
 .debug_frame   0x00002050       0x2c c:/program files (x86)/cypress/psoc creator/4.4/psoc creator/import/gnu/arm/5.4.1/bin/../lib/gcc/arm-none-eabi/5.4.1/armv6-m\libgcc.a(truncdfsf2.o)
 .debug_frame   0x0000207c       0x20 c:/program files (x86)/cypress/psoc creator/4.4/psoc creator/import/gnu/arm/5.4.1/bin/../lib/gcc/arm-none-eabi/5.4.1/../../../../arm-none-eabi/lib/armv6-m\libg_nano.a(lib_a-errno.o)
 .debug_frame   0x0000209c       0x28 c:/program files (x86)/cypress/psoc creator/4.4/psoc creator/import/gnu/arm/5.4.1/bin/../lib/gcc/arm-none-eabi/5.4.1/../../../../arm-none-eabi/lib/armv6-m\libg_nano.a(lib_a-exit.o)
 .debug_frame   0x000020c4       0x2c c:/program files (x86)/cypress/psoc creator/4.4/psoc creator/import/gnu/arm/5.4.1/bin/../lib/gcc/arm-none-eabi/5.4.1/../../../../arm-none-eabi/lib/armv6-m\libg_nano.a(lib_a-init.o)
 .debug_frame   0x000020f0       0x28 c:/program files (x86)/cypress/psoc creator/4.4/psoc creator/import/gnu/arm/5.4.1/bin/../lib/gcc/arm-none-eabi/5.4.1/../../../../arm-none-eabi/lib/armv6-m\libg_nano.a(lib_a-memcpy-stub.o)
 .debug_frame   0x00002118       0x20 c:/program files (x86)/cypress/psoc creator/4.4/psoc creator/import/gnu/arm/5.4.1/bin/../lib/gcc/arm-none-eabi/5.4.1/../../../../arm-none-eabi/lib/armv6-m\libg_nano.a(lib_a-memset.o)

.debug_str      0x00000000     0x34b5
 *(.debug_str)
 .debug_str     0x00000000      0x34b .\CortexM0p\ARM_GCC_541\Debug\main.o
                                0x3a2 (size before relaxing)
 .debug_str     0x0000034b       0xc3 .\CortexM0p\ARM_GCC_541\Debug\cyfitter_cfg.o
                                0x249 (size before relaxing)
 .debug_str     0x0000040e       0x59 .\CortexM0p\ARM_GCC_541\Debug\cymetadata.o
                                0x1c6 (size before relaxing)
 .debug_str     0x00000467      0x155 .\CortexM0p\ARM_GCC_541\Debug\Cm0plusStart.o
                                0x30d (size before relaxing)
 .debug_str     0x000005bc      0x11a .\CortexM0p\ARM_GCC_541\Debug\PressureSensor.a(I2C.o)
                                0x2bc (size before relaxing)
 .debug_str     0x000006d6       0x8c .\CortexM0p\ARM_GCC_541\Debug\PressureSensor.a(I2C_I2C.o)
                                0x24c (size before relaxing)
 .debug_str     0x00000762      0x26b .\CortexM0p\ARM_GCC_541\Debug\PressureSensor.a(I2C_I2C_MASTER.o)
                                0x4b4 (size before relaxing)
 .debug_str     0x000009cd      0x9ef .\CortexM0p\ARM_GCC_541\Debug\PressureSensor.a(CyLib.o)
                                0xc21 (size before relaxing)
 .debug_str     0x000013bc      0x634 .\CortexM0p\ARM_GCC_541\Debug\PressureSensor.a(CyLFClk.o)
                                0x897 (size before relaxing)
 .debug_str     0x000019f0      0x6f4 .\CortexM0p\ARM_GCC_541\Debug\PressureSensor.a(CapSense_Control.o)
                                0x908 (size before relaxing)
 .debug_str     0x000020e4      0x133 .\CortexM0p\ARM_GCC_541\Debug\PressureSensor.a(CapSense_Processing.o)
                                0x7d5 (size before relaxing)
 .debug_str     0x00002217      0x1d7 .\CortexM0p\ARM_GCC_541\Debug\PressureSensor.a(CapSense_Structure.o)
                                0x7b1 (size before relaxing)
 .debug_str     0x000023ee      0x135 .\CortexM0p\ARM_GCC_541\Debug\PressureSensor.a(CapSense_Tuner.o)
                                0x636 (size before relaxing)
 .debug_str     0x00002523      0x19e .\CortexM0p\ARM_GCC_541\Debug\PressureSensor.a(CapSense_Filter.o)
                                0x63f (size before relaxing)
 .debug_str     0x000026c1      0x6d9 .\CortexM0p\ARM_GCC_541\Debug\PressureSensor.a(CapSense_Sensing.o)
                                0xd6a (size before relaxing)
 .debug_str     0x00002d9a      0x3d1 .\CortexM0p\ARM_GCC_541\Debug\PressureSensor.a(CapSense_SensingCSD_LL.o)
                                0xd50 (size before relaxing)
 .debug_str     0x0000316b      0x142 .\CortexM0p\ARM_GCC_541\Debug\PressureSensor.a(CapSense_ISR.o)
                                0x34a (size before relaxing)
 .debug_str     0x000032ad       0x47 .\CortexM0p\ARM_GCC_541\Debug\PressureSensor.a(I2C_I2C_INT.o)
                                0x2bc (size before relaxing)
 .debug_str     0x000032f4      0x11d .\CortexM0p\ARM_GCC_541\Debug\PressureSensor.a(CyFlash.o)
                                0x320 (size before relaxing)
 .debug_str     0x00003411       0xa4 .\CortexM0p\ARM_GCC_541\Debug\PressureSensor.a(CapSense_INT.o)
                                0x6b9 (size before relaxing)

.debug_loc      0x00000000     0x606a
 *(.debug_loc)
 .debug_loc     0x00000000       0x8c .\CortexM0p\ARM_GCC_541\Debug\main.o
 .debug_loc     0x0000008c       0x57 .\CortexM0p\ARM_GCC_541\Debug\cyfitter_cfg.o
 .debug_loc     0x000000e3      0x14f .\CortexM0p\ARM_GCC_541\Debug\Cm0plusStart.o
 .debug_loc     0x00000232       0x7e .\CortexM0p\ARM_GCC_541\Debug\PressureSensor.a(I2C.o)
 .debug_loc     0x000002b0      0xa49 .\CortexM0p\ARM_GCC_541\Debug\PressureSensor.a(I2C_I2C_MASTER.o)
 .debug_loc     0x00000cf9     0x1718 .\CortexM0p\ARM_GCC_541\Debug\PressureSensor.a(CyLib.o)
 .debug_loc     0x00002411      0xa88 .\CortexM0p\ARM_GCC_541\Debug\PressureSensor.a(CyLFClk.o)
 .debug_loc     0x00002e99      0x40d .\CortexM0p\ARM_GCC_541\Debug\PressureSensor.a(CapSense_Control.o)
 .debug_loc     0x000032a6      0x52e .\CortexM0p\ARM_GCC_541\Debug\PressureSensor.a(CapSense_Processing.o)
 .debug_loc     0x000037d4      0x3ba .\CortexM0p\ARM_GCC_541\Debug\PressureSensor.a(CapSense_Structure.o)
 .debug_loc     0x00003b8e      0x176 .\CortexM0p\ARM_GCC_541\Debug\PressureSensor.a(CapSense_Tuner.o)
 .debug_loc     0x00003d04      0x5d8 .\CortexM0p\ARM_GCC_541\Debug\PressureSensor.a(CapSense_Filter.o)
 .debug_loc     0x000042dc      0x9d2 .\CortexM0p\ARM_GCC_541\Debug\PressureSensor.a(CapSense_Sensing.o)
 .debug_loc     0x00004cae      0xfa2 .\CortexM0p\ARM_GCC_541\Debug\PressureSensor.a(CapSense_SensingCSD_LL.o)
 .debug_loc     0x00005c50       0x82 .\CortexM0p\ARM_GCC_541\Debug\PressureSensor.a(CapSense_ISR.o)
 .debug_loc     0x00005cd2      0x10c .\CortexM0p\ARM_GCC_541\Debug\PressureSensor.a(I2C_I2C_INT.o)
 .debug_loc     0x00005dde      0x1bd .\CortexM0p\ARM_GCC_541\Debug\PressureSensor.a(CyFlash.o)
 .debug_loc     0x00005f9b       0xcf .\CortexM0p\ARM_GCC_541\Debug\PressureSensor.a(CapSense_INT.o)

.debug_macinfo
 *(.debug_macinfo)

.debug_ranges   0x00000000      0x9a8
 *(.debug_ranges)
 .debug_ranges  0x00000000       0x30 .\CortexM0p\ARM_GCC_541\Debug\main.o
 .debug_ranges  0x00000030       0x28 .\CortexM0p\ARM_GCC_541\Debug\cyfitter_cfg.o
 .debug_ranges  0x00000058       0x38 .\CortexM0p\ARM_GCC_541\Debug\Cm0plusStart.o
 .debug_ranges  0x00000090       0x50 .\CortexM0p\ARM_GCC_541\Debug\PressureSensor.a(I2C.o)
 .debug_ranges  0x000000e0       0x20 .\CortexM0p\ARM_GCC_541\Debug\PressureSensor.a(I2C_I2C.o)
 .debug_ranges  0x00000100       0x88 .\CortexM0p\ARM_GCC_541\Debug\PressureSensor.a(I2C_I2C_MASTER.o)
 .debug_ranges  0x00000188      0x2a0 .\CortexM0p\ARM_GCC_541\Debug\PressureSensor.a(CyLib.o)
 .debug_ranges  0x00000428      0x198 .\CortexM0p\ARM_GCC_541\Debug\PressureSensor.a(CyLFClk.o)
 .debug_ranges  0x000005c0       0x58 .\CortexM0p\ARM_GCC_541\Debug\PressureSensor.a(CapSense_Control.o)
 .debug_ranges  0x00000618       0x38 .\CortexM0p\ARM_GCC_541\Debug\PressureSensor.a(CapSense_Processing.o)
 .debug_ranges  0x00000650       0x40 .\CortexM0p\ARM_GCC_541\Debug\PressureSensor.a(CapSense_Structure.o)
 .debug_ranges  0x00000690       0x18 .\CortexM0p\ARM_GCC_541\Debug\PressureSensor.a(CapSense_Tuner.o)
 .debug_ranges  0x000006a8       0x60 .\CortexM0p\ARM_GCC_541\Debug\PressureSensor.a(CapSense_Filter.o)
 .debug_ranges  0x00000708       0xe0 .\CortexM0p\ARM_GCC_541\Debug\PressureSensor.a(CapSense_Sensing.o)
 .debug_ranges  0x000007e8       0xe0 .\CortexM0p\ARM_GCC_541\Debug\PressureSensor.a(CapSense_SensingCSD_LL.o)
 .debug_ranges  0x000008c8       0x70 .\CortexM0p\ARM_GCC_541\Debug\PressureSensor.a(CapSense_ISR.o)
 .debug_ranges  0x00000938       0x10 .\CortexM0p\ARM_GCC_541\Debug\PressureSensor.a(I2C_I2C_INT.o)
 .debug_ranges  0x00000948       0x38 .\CortexM0p\ARM_GCC_541\Debug\PressureSensor.a(CyFlash.o)
 .debug_ranges  0x00000980       0x28 .\CortexM0p\ARM_GCC_541\Debug\PressureSensor.a(CapSense_INT.o)

.comment        0x00000000       0x6e
 .comment       0x00000000       0x6e .\CortexM0p\ARM_GCC_541\Debug\main.o
                                 0x6f (size before relaxing)
 .comment       0x0000006e       0x6f .\CortexM0p\ARM_GCC_541\Debug\cyfitter_cfg.o
 .comment       0x0000006e       0x6f .\CortexM0p\ARM_GCC_541\Debug\cymetadata.o
 .comment       0x0000006e       0x6f .\CortexM0p\ARM_GCC_541\Debug\Cm0plusStart.o
 .comment       0x0000006e       0x6f .\CortexM0p\ARM_GCC_541\Debug\PressureSensor.a(I2C.o)
 .comment       0x0000006e       0x6f .\CortexM0p\ARM_GCC_541\Debug\PressureSensor.a(I2C_I2C.o)
 .comment       0x0000006e       0x6f .\CortexM0p\ARM_GCC_541\Debug\PressureSensor.a(I2C_I2C_MASTER.o)
 .comment       0x0000006e       0x6f .\CortexM0p\ARM_GCC_541\Debug\PressureSensor.a(CyLib.o)
 .comment       0x0000006e       0x6f .\CortexM0p\ARM_GCC_541\Debug\PressureSensor.a(CyLFClk.o)
 .comment       0x0000006e       0x6f .\CortexM0p\ARM_GCC_541\Debug\PressureSensor.a(CapSense_Control.o)
 .comment       0x0000006e       0x6f .\CortexM0p\ARM_GCC_541\Debug\PressureSensor.a(CapSense_Processing.o)
 .comment       0x0000006e       0x6f .\CortexM0p\ARM_GCC_541\Debug\PressureSensor.a(CapSense_Structure.o)
 .comment       0x0000006e       0x6f .\CortexM0p\ARM_GCC_541\Debug\PressureSensor.a(CapSense_Tuner.o)
 .comment       0x0000006e       0x6f .\CortexM0p\ARM_GCC_541\Debug\PressureSensor.a(CapSense_Filter.o)
 .comment       0x0000006e       0x6f .\CortexM0p\ARM_GCC_541\Debug\PressureSensor.a(CapSense_Sensing.o)
 .comment       0x0000006e       0x6f .\CortexM0p\ARM_GCC_541\Debug\PressureSensor.a(CapSense_SensingCSD_LL.o)
 .comment       0x0000006e       0x6f .\CortexM0p\ARM_GCC_541\Debug\PressureSensor.a(CapSense_ISR.o)
 .comment       0x0000006e       0x6f .\CortexM0p\ARM_GCC_541\Debug\PressureSensor.a(I2C_I2C_INT.o)
 .comment       0x0000006e       0x6f .\CortexM0p\ARM_GCC_541\Debug\PressureSensor.a(CyFlash.o)
 .comment       0x0000006e       0x6f .\CortexM0p\ARM_GCC_541\Debug\PressureSensor.a(CapSense_INT.o)

.debug_weaknames
 *(.debug_weaknames)

.debug_funcnames
 *(.debug_funcnames)

.debug_typenames
 *(.debug_typenames)

.debug_varnames
 *(.debug_varnames)

.note.gnu.arm.ident
 *(.note.gnu.arm.ident)

.ARM.attributes
                0x00000000       0x28
 *(.ARM.attributes)
 .ARM.attributes
                0x00000000       0x1e c:/program files (x86)/cypress/psoc creator/4.4/psoc creator/import/gnu/arm/5.4.1/bin/../lib/gcc/arm-none-eabi/5.4.1/armv6-m/crti.o
 .ARM.attributes
                0x0000001e       0x2c c:/program files (x86)/cypress/psoc creator/4.4/psoc creator/import/gnu/arm/5.4.1/bin/../lib/gcc/arm-none-eabi/5.4.1/armv6-m/crtbegin.o
 .ARM.attributes
                0x0000004a       0x1b c:/program files (x86)/cypress/psoc creator/4.4/psoc creator/import/gnu/arm/5.4.1/bin/../lib/gcc/arm-none-eabi/5.4.1/../../../../arm-none-eabi/lib/armv6-m/crt0.o
 .ARM.attributes
                0x00000065       0x32 .\CortexM0p\ARM_GCC_541\Debug\main.o
 .ARM.attributes
                0x00000097       0x32 .\CortexM0p\ARM_GCC_541\Debug\cyfitter_cfg.o
 .ARM.attributes
                0x000000c9       0x32 .\CortexM0p\ARM_GCC_541\Debug\cymetadata.o
 .ARM.attributes
                0x000000fb       0x32 .\CortexM0p\ARM_GCC_541\Debug\Cm0plusStart.o
 .ARM.attributes
                0x0000012d       0x32 .\CortexM0p\ARM_GCC_541\Debug\PressureSensor.a(I2C.o)
 .ARM.attributes
                0x0000015f       0x32 .\CortexM0p\ARM_GCC_541\Debug\PressureSensor.a(I2C_I2C.o)
 .ARM.attributes
                0x00000191       0x32 .\CortexM0p\ARM_GCC_541\Debug\PressureSensor.a(I2C_I2C_MASTER.o)
 .ARM.attributes
                0x000001c3       0x32 .\CortexM0p\ARM_GCC_541\Debug\PressureSensor.a(CyLib.o)
 .ARM.attributes
                0x000001f5       0x32 .\CortexM0p\ARM_GCC_541\Debug\PressureSensor.a(CyLFClk.o)
 .ARM.attributes
                0x00000227       0x32 .\CortexM0p\ARM_GCC_541\Debug\PressureSensor.a(CapSense_Control.o)
 .ARM.attributes
                0x00000259       0x32 .\CortexM0p\ARM_GCC_541\Debug\PressureSensor.a(CapSense_Processing.o)
 .ARM.attributes
                0x0000028b       0x32 .\CortexM0p\ARM_GCC_541\Debug\PressureSensor.a(CapSense_Structure.o)
 .ARM.attributes
                0x000002bd       0x32 .\CortexM0p\ARM_GCC_541\Debug\PressureSensor.a(CapSense_Tuner.o)
 .ARM.attributes
                0x000002ef       0x32 .\CortexM0p\ARM_GCC_541\Debug\PressureSensor.a(CapSense_Filter.o)
 .ARM.attributes
                0x00000321       0x32 .\CortexM0p\ARM_GCC_541\Debug\PressureSensor.a(CapSense_Sensing.o)
 .ARM.attributes
                0x00000353       0x32 .\CortexM0p\ARM_GCC_541\Debug\PressureSensor.a(CapSense_SensingCSD_LL.o)
 .ARM.attributes
                0x00000385       0x32 .\CortexM0p\ARM_GCC_541\Debug\PressureSensor.a(CapSense_ISR.o)
 .ARM.attributes
                0x000003b7       0x22 .\CortexM0p\ARM_GCC_541\Debug\PressureSensor.a(CyBootAsmGnu.o)
 .ARM.attributes
                0x000003d9       0x32 .\CortexM0p\ARM_GCC_541\Debug\PressureSensor.a(I2C_I2C_INT.o)
 .ARM.attributes
                0x0000040b       0x32 .\CortexM0p\ARM_GCC_541\Debug\PressureSensor.a(CyFlash.o)
 .ARM.attributes
                0x0000043d       0x32 .\CortexM0p\ARM_GCC_541\Debug\PressureSensor.a(CapSense_INT.o)
 .ARM.attributes
                0x0000046f       0x1e c:/program files (x86)/cypress/psoc creator/4.4/psoc creator/import/gnu/arm/5.4.1/bin/../lib/gcc/arm-none-eabi/5.4.1/armv6-m\libgcc.a(_udivsi3.o)
 .ARM.attributes
                0x0000048d       0x1e c:/program files (x86)/cypress/psoc creator/4.4/psoc creator/import/gnu/arm/5.4.1/bin/../lib/gcc/arm-none-eabi/5.4.1/armv6-m\libgcc.a(_divsi3.o)
 .ARM.attributes
                0x000004ab       0x1e c:/program files (x86)/cypress/psoc creator/4.4/psoc creator/import/gnu/arm/5.4.1/bin/../lib/gcc/arm-none-eabi/5.4.1/armv6-m\libgcc.a(_dvmd_tls.o)
 .ARM.attributes
                0x000004c9       0x1e c:/program files (x86)/cypress/psoc creator/4.4/psoc creator/import/gnu/arm/5.4.1/bin/../lib/gcc/arm-none-eabi/5.4.1/armv6-m\libgcc.a(_arm_cmpsf2.o)
 .ARM.attributes
                0x000004e7       0x2c c:/program files (x86)/cypress/psoc creator/4.4/psoc creator/import/gnu/arm/5.4.1/bin/../lib/gcc/arm-none-eabi/5.4.1/armv6-m\libgcc.a(addsf3.o)
 .ARM.attributes
                0x00000513       0x2c c:/program files (x86)/cypress/psoc creator/4.4/psoc creator/import/gnu/arm/5.4.1/bin/../lib/gcc/arm-none-eabi/5.4.1/armv6-m\libgcc.a(divsf3.o)
 .ARM.attributes
                0x0000053f       0x2c c:/program files (x86)/cypress/psoc creator/4.4/psoc creator/import/gnu/arm/5.4.1/bin/../lib/gcc/arm-none-eabi/5.4.1/armv6-m\libgcc.a(eqsf2.o)
 .ARM.attributes
                0x0000056b       0x2c c:/program files (x86)/cypress/psoc creator/4.4/psoc creator/import/gnu/arm/5.4.1/bin/../lib/gcc/arm-none-eabi/5.4.1/armv6-m\libgcc.a(gesf2.o)
 .ARM.attributes
                0x00000597       0x2c c:/program files (x86)/cypress/psoc creator/4.4/psoc creator/import/gnu/arm/5.4.1/bin/../lib/gcc/arm-none-eabi/5.4.1/armv6-m\libgcc.a(lesf2.o)
 .ARM.attributes
                0x000005c3       0x2c c:/program files (x86)/cypress/psoc creator/4.4/psoc creator/import/gnu/arm/5.4.1/bin/../lib/gcc/arm-none-eabi/5.4.1/armv6-m\libgcc.a(mulsf3.o)
 .ARM.attributes
                0x000005ef       0x2c c:/program files (x86)/cypress/psoc creator/4.4/psoc creator/import/gnu/arm/5.4.1/bin/../lib/gcc/arm-none-eabi/5.4.1/armv6-m\libgcc.a(subsf3.o)
 .ARM.attributes
                0x0000061b       0x2c c:/program files (x86)/cypress/psoc creator/4.4/psoc creator/import/gnu/arm/5.4.1/bin/../lib/gcc/arm-none-eabi/5.4.1/armv6-m\libgcc.a(floatunsisf.o)
 .ARM.attributes
                0x00000647       0x2c c:/program files (x86)/cypress/psoc creator/4.4/psoc creator/import/gnu/arm/5.4.1/bin/../lib/gcc/arm-none-eabi/5.4.1/armv6-m\libgcc.a(adddf3.o)
 .ARM.attributes
                0x00000673       0x2c c:/program files (x86)/cypress/psoc creator/4.4/psoc creator/import/gnu/arm/5.4.1/bin/../lib/gcc/arm-none-eabi/5.4.1/armv6-m\libgcc.a(extendsfdf2.o)
 .ARM.attributes
                0x0000069f       0x2c c:/program files (x86)/cypress/psoc creator/4.4/psoc creator/import/gnu/arm/5.4.1/bin/../lib/gcc/arm-none-eabi/5.4.1/armv6-m\libgcc.a(truncdfsf2.o)
 .ARM.attributes
                0x000006cb       0x1e c:/program files (x86)/cypress/psoc creator/4.4/psoc creator/import/gnu/arm/5.4.1/bin/../lib/gcc/arm-none-eabi/5.4.1/armv6-m\libgcc.a(_clzsi2.o)
 .ARM.attributes
                0x000006e9       0x2c c:/program files (x86)/cypress/psoc creator/4.4/psoc creator/import/gnu/arm/5.4.1/bin/../lib/gcc/arm-none-eabi/5.4.1/../../../../arm-none-eabi/lib/armv6-m\libg_nano.a(lib_a-errno.o)
 .ARM.attributes
                0x00000715       0x2c c:/program files (x86)/cypress/psoc creator/4.4/psoc creator/import/gnu/arm/5.4.1/bin/../lib/gcc/arm-none-eabi/5.4.1/../../../../arm-none-eabi/lib/armv6-m\libg_nano.a(lib_a-exit.o)
 .ARM.attributes
                0x00000741       0x2c c:/program files (x86)/cypress/psoc creator/4.4/psoc creator/import/gnu/arm/5.4.1/bin/../lib/gcc/arm-none-eabi/5.4.1/../../../../arm-none-eabi/lib/armv6-m\libg_nano.a(lib_a-impure.o)
 .ARM.attributes
                0x0000076d       0x2c c:/program files (x86)/cypress/psoc creator/4.4/psoc creator/import/gnu/arm/5.4.1/bin/../lib/gcc/arm-none-eabi/5.4.1/../../../../arm-none-eabi/lib/armv6-m\libg_nano.a(lib_a-init.o)
 .ARM.attributes
                0x00000799       0x2c c:/program files (x86)/cypress/psoc creator/4.4/psoc creator/import/gnu/arm/5.4.1/bin/../lib/gcc/arm-none-eabi/5.4.1/../../../../arm-none-eabi/lib/armv6-m\libg_nano.a(lib_a-memcpy-stub.o)
 .ARM.attributes
                0x000007c5       0x2c c:/program files (x86)/cypress/psoc creator/4.4/psoc creator/import/gnu/arm/5.4.1/bin/../lib/gcc/arm-none-eabi/5.4.1/../../../../arm-none-eabi/lib/armv6-m\libg_nano.a(lib_a-memset.o)
 .ARM.attributes
                0x000007f1       0x2c c:/program files (x86)/cypress/psoc creator/4.4/psoc creator/import/gnu/arm/5.4.1/bin/../lib/gcc/arm-none-eabi/5.4.1/armv6-m/crtend.o
 .ARM.attributes
                0x0000081d       0x1e c:/program files (x86)/cypress/psoc creator/4.4/psoc creator/import/gnu/arm/5.4.1/bin/../lib/gcc/arm-none-eabi/5.4.1/armv6-m/crtn.o

/DISCARD/
 *(.note.GNU-stack)
OUTPUT(C:\Users\Lenovo\Desktop\PressureSensor\PressureSensor.cydsn\CortexM0p\ARM_GCC_541\Debug\PressureSensor.elf elf32-littlearm)
